Component: ARM Compiler 5.06 update 4 (build 422) Tool: armlink [4d35d2]

==============================================================================

Section Cross References

    main.o(i.DMA2_Stream7_IRQHandler) refers to stm32f7xx_hal_dma.o(i.HAL_DMA_IRQHandler) for HAL_DMA_IRQHandler
    main.o(i.DMA2_Stream7_IRQHandler) refers to usart.o(.bss) for hdma_usart1_tx
    main.o(i.DMA2_Stream7_IRQHandler) refers to main.o(.data) for sendfps
    main.o(i.Flir_Display) refers to _printf_percent.o(.ARM.Collect$$_printf_percent$$00000000) for _printf_percent
    main.o(i.Flir_Display) refers to _printf_d.o(.ARM.Collect$$_printf_percent$$00000009) for _printf_d
    main.o(i.Flir_Display) refers to _printf_dec.o(.text) for _printf_int_dec
    main.o(i.Flir_Display) refers to lcd.o(i.LCD_Clear) for LCD_Clear
    main.o(i.Flir_Display) refers to spi.o(i.SPI2_Readbuff) for SPI2_Readbuff
    main.o(i.Flir_Display) refers to m8266wifidrv.o(i.M8266WIFI_SPI_Send_Data) for M8266WIFI_SPI_Send_Data
    main.o(i.Flir_Display) refers to noretval__2printf.o(.text) for __2printf
    main.o(i.Flir_Display) refers to lcd.o(i.LCD_ShowxNum) for LCD_ShowxNum
    main.o(i.Flir_Display) refers to stm32f7xx_hal.o(i.HAL_Delay) for HAL_Delay
    main.o(i.Flir_Display) refers to main.o(.bss) for xx
    main.o(i.Flir_Display) refers to main.o(.data) for disbuff
    main.o(i.Flir_Display) refers to main.o(.ARM.__AT_0xC01F4000) for jpeg_data_buf
    main.o(i.Flir_Display) refers to main.o(.ARM.__AT_0xC104B000) for sendbuf
    main.o(i.OV5640_Config) refers to lcd.o(i.LCD_Clear) for LCD_Clear
    main.o(i.OV5640_Config) refers to lcd.o(i.LCD_ShowString) for LCD_ShowString
    main.o(i.OV5640_Config) refers to ov5640.o(i.OV5640_RGB565_Mode) for OV5640_RGB565_Mode
    main.o(i.OV5640_Config) refers to ov5640.o(i.OV5640_Focus_Init) for OV5640_Focus_Init
    main.o(i.OV5640_Config) refers to ov5640.o(i.OV5640_Light_Mode) for OV5640_Light_Mode
    main.o(i.OV5640_Config) refers to ov5640.o(i.OV5640_Color_Saturation) for OV5640_Color_Saturation
    main.o(i.OV5640_Config) refers to ov5640.o(i.OV5640_Brightness) for OV5640_Brightness
    main.o(i.OV5640_Config) refers to ov5640.o(i.OV5640_Contrast) for OV5640_Contrast
    main.o(i.OV5640_Config) refers to ov5640.o(i.OV5640_Sharpness) for OV5640_Sharpness
    main.o(i.OV5640_Config) refers to ov5640.o(i.OV5640_Focus_Constant) for OV5640_Focus_Constant
    main.o(i.OV5640_Config) refers to dcmi.o(i.DCMI_Init) for DCMI_Init
    main.o(i.OV5640_Config) refers to dcmi.o(i.DCMI_DMA_Init) for DCMI_DMA_Init
    main.o(i.OV5640_Config) refers to ov5640.o(i.OV5640_WR_Reg) for OV5640_WR_Reg
    main.o(i.OV5640_Config) refers to ov5640.o(i.OV5640_OutSize_Set) for OV5640_OutSize_Set
    main.o(i.OV5640_Config) refers to stm32f7xx_hal.o(i.HAL_Delay) for HAL_Delay
    main.o(i.OV5640_Config) refers to dcmi.o(i.DCMI_Start) for DCMI_Start
    main.o(i.OV5640_Config) refers to ov5640.o(i.OV5640_Special_Effects) for OV5640_Special_Effects
    main.o(i.OV5640_Config) refers to lcd.o(.data) for POINT_COLOR
    main.o(i.OV5640_Config) refers to lcd.o(.bss) for lcddev
    main.o(i.OV5640_Config) refers to main.o(i.mculcd_dcmi_rx_callback) for mculcd_dcmi_rx_callback
    main.o(i.OV5640_Config) refers to dcmi.o(.data) for dcmi_rx_callback
    main.o(i.OV5640_Config) refers to main.o(.ARM.__AT_0xC01F4000) for jpeg_data_buf
    main.o(i.OV5640_Config) refers to main.o(.data) for yoffset
    main.o(i.main) refers to sys.o(i.Cache_Enable) for Cache_Enable
    main.o(i.main) refers to mpu.o(i.MPU_Memory_Protection) for MPU_Memory_Protection
    main.o(i.main) refers to stm32f7xx_hal.o(i.HAL_Init) for HAL_Init
    main.o(i.main) refers to sys.o(i.Stm32_Clock_Init) for Stm32_Clock_Init
    main.o(i.main) refers to delay.o(i.delay_init) for delay_init
    main.o(i.main) refers to usart.o(i.uart_init) for uart_init
    main.o(i.main) refers to led.o(i.LED_Init) for LED_Init
    main.o(i.main) refers to led.o(i.Power_Init) for Power_Init
    main.o(i.main) refers to key.o(i.KEY_Init) for KEY_Init
    main.o(i.main) refers to myiic.o(i.MX_I2C4_Init) for MX_I2C4_Init
    main.o(i.main) refers to spi.o(i.SPI2_Init) for SPI2_Init
    main.o(i.main) refers to sdram.o(i.SDRAM_Init) for SDRAM_Init
    main.o(i.main) refers to lcd.o(i.LCD_Init) for LCD_Init
    main.o(i.main) refers to lepton.o(i.lepton_init) for lepton_init
    main.o(i.main) refers to lcd.o(i.LCD_ShowString) for LCD_ShowString
    main.o(i.main) refers to lcd.o(i.LCD_Clear) for LCD_Clear
    main.o(i.main) refers to delay.o(i.delay_ms) for delay_ms
    main.o(i.main) refers to lcd.o(i.LCD_Fill) for LCD_Fill
    main.o(i.main) refers to stm32f7xx_hal_gpio.o(i.HAL_GPIO_TogglePin) for HAL_GPIO_TogglePin
    main.o(i.main) refers to ov5640.o(i.OV5640_Init) for OV5640_Init
    main.o(i.main) refers to main.o(i.OV5640_Config) for OV5640_Config
    main.o(i.main) refers to m8266app.o(i.M8266Wifi_Init) for M8266Wifi_Init
[...]
    USART2_IRQHandler                        0x08000313   Thumb Code     0  startup_stm32f767xx.o(.text)
    USART3_IRQHandler                        0x08000313   Thumb Code     0  startup_stm32f767xx.o(.text)
    USART6_IRQHandler                        0x08000313   Thumb Code     0  startup_stm32f767xx.o(.text)
    WWDG_IRQHandler                          0x08000313   Thumb Code     0  startup_stm32f767xx.o(.text)
    __user_initial_stackheap                 0x08000315   Thumb Code     0  startup_stm32f767xx.o(.text)
    __use_no_semihosting                     0x08000339   Thumb Code     2  use_no_semi_2.o(.text)
    __2printf                                0x0800033d   Thumb Code    20  noretval__2printf.o(.text)
    _printf_pre_padding                      0x08000355   Thumb Code    44  _printf_pad.o(.text)
    _printf_post_padding                     0x08000381   Thumb Code    34  _printf_pad.o(.text)
    _printf_str                              0x080003a3   Thumb Code    82  _printf_str.o(.text)
    _printf_int_dec                          0x080003f5   Thumb Code   104  _printf_dec.o(.text)
    _printf_int_hex                          0x0800046d   Thumb Code    84  _printf_hex_int.o(.text)
    _printf_longlong_hex                     0x0800046d   Thumb Code     0  _printf_hex_int.o(.text)
    __printf                                 0x080004c5   Thumb Code   388  __printf_flags_ss_wp.o(.text)
    __aeabi_memcpy4                          0x0800064d   Thumb Code     0  rt_memcpy_w.o(.text)
    __aeabi_memcpy8                          0x0800064d   Thumb Code     0  rt_memcpy_w.o(.text)
    __rt_memcpy_w                            0x0800064d   Thumb Code   100  rt_memcpy_w.o(.text)
    _memcpy_lastbytes_aligned                0x08000695   Thumb Code     0  rt_memcpy_w.o(.text)
    __aeabi_memclr4                          0x080006b1   Thumb Code     0  rt_memclr_w.o(.text)
    __aeabi_memclr8                          0x080006b1   Thumb Code     0  rt_memclr_w.o(.text)
    __rt_memclr_w                            0x080006b1   Thumb Code    78  rt_memclr_w.o(.text)
    _memset_w                                0x080006b5   Thumb Code     0  rt_memclr_w.o(.text)
    strcmp                                   0x08000701   Thumb Code   104  strcmpv7m_pel.o(.text)
    __use_two_region_memory                  0x08000769   Thumb Code     2  heapauxi.o(.text)
    __rt_heap_escrow$2region                 0x0800076b   Thumb Code     2  heapauxi.o(.text)
    __rt_heap_expand$2region                 0x0800076d   Thumb Code     2  heapauxi.o(.text)
    __I$use$semihosting                      0x0800076f   Thumb Code     0  use_no_semi.o(.text)
    __use_no_semihosting_swi                 0x0800076f   Thumb Code     2  use_no_semi.o(.text)
    _printf_int_common                       0x08000771   Thumb Code   178  _printf_intcommon.o(.text)
    _printf_cs_common                        0x08000823   Thumb Code    20  _printf_char.o(.text)
    _printf_char                             0x08000837   Thumb Code    16  _printf_char.o(.text)
    _printf_string                           0x08000847   Thumb Code     8  _printf_char.o(.text)
    _printf_char_file                        0x08000851   Thumb Code    32  _printf_char_file.o(.text)
    _printf_char_common                      0x0800087f   Thumb Code    32  _printf_char_common.o(.text)
    ferror                                   0x080008a5   Thumb Code     8  ferror.o(.text)
    __user_setup_stackheap                   0x080008ad   Thumb Code    74  sys_stackheap_outer.o(.text)
    exit                                     0x080008f7   Thumb Code    18  exit.o(.text)
    __user_libspace                          0x08000909   Thumb Code     8  libspace.o(.text)
    __user_perproc_libspace                  0x08000909   Thumb Code     0  libspace.o(.text)
    __user_perthread_libspace                0x08000909   Thumb Code     0  libspace.o(.text)
    BusFault_Handler                         0x08000911   Thumb Code     4  stm32f7xx_it.o(i.BusFault_Handler)
    ByteCRC16                                0x08000915   Thumb Code    22  crc16fast.o(i.ByteCRC16)
    Cache_Enable                             0x08000931   Thumb Code   112  sys.o(i.Cache_Enable)
    CalcCRC16Words                           0x080009a9   Thumb Code    44  crc16fast.o(i.CalcCRC16Words)
    DCMI_CR_Set                              0x080009d5   Thumb Code    62  dcmi.o(i.DCMI_CR_Set)
    DCMI_DMA_Init                            0x08000a41   Thumb Code   216  dcmi.o(i.DCMI_DMA_Init)
    DCMI_IRQHandler                          0x08000b2d   Thumb Code    10  dcmi.o(i.DCMI_IRQHandler)
    DCMI_Init                                0x08000b3d   Thumb Code    82  dcmi.o(i.DCMI_Init)
    DCMI_Set_Window                          0x08000b99   Thumb Code    92  dcmi.o(i.DCMI_Set_Window)
    DCMI_Start                               0x08000bfd   Thumb Code    44  dcmi.o(i.DCMI_Start)
    DCMI_Stop                                0x08000c31   Thumb Code    44  dcmi.o(i.DCMI_Stop)
    DEV_I2C_MasterInit                       0x08000c65   Thumb Code     6  stm32_i2c.o(i.DEV_I2C_MasterInit)
    DEV_I2C_MasterReadData                   0x08000c6d   Thumb Code   138  stm32_i2c.o(i.DEV_I2C_MasterReadData)
    DEV_I2C_MasterWriteData                  0x08000d01   Thumb Code   132  stm32_i2c.o(i.DEV_I2C_MasterWriteData)
    DMA1_Stream3_IRQHandler                  0x08000d8d   Thumb Code    14  lepton.o(i.DMA1_Stream3_IRQHandler)
    DMA1_Stream4_IRQHandler                  0x08000da1   Thumb Code    10  spi.o(i.DMA1_Stream4_IRQHandler)
    DMA2_Stream1_IRQHandler                  0x08000db1   Thumb Code   162  dcmi.o(i.DMA2_Stream1_IRQHandler)
    DMA2_Stream7_IRQHandler                  0x08000e65   Thumb Code    16  main.o(i.DMA2_Stream7_IRQHandler)
    DebugMon_Handler                         0x08000fb7   Thumb Code     2  stm32f7xx_it.o(i.DebugMon_Handler)
    Error_Handler                            0x08000fb9   Thumb Code     4  myiic.o(i.Error_Handler)
    FMC_NORSRAM_Extended_Timing_Init         0x08000fbd   Thumb Code    66  stm32f7xx_ll_fmc.o(i.FMC_NORSRAM_Extended_Timing_Init)
    FMC_NORSRAM_Init                         0x08001005   Thumb Code   124  stm32f7xx_ll_fmc.o(i.FMC_NORSRAM_Init)
    FMC_NORSRAM_Timing_Init                  0x08001085   Thumb Code    94  stm32f7xx_ll_fmc.o(i.FMC_NORSRAM_Timing_Init)
    FMC_SDRAM_Init                           0x080010e3   Thumb Code   116  stm32f7xx_ll_fmc.o(i.FMC_SDRAM_Init)
    FMC_SDRAM_ProgramRefreshRate             0x08001157   Thumb Code    14  stm32f7xx_ll_fmc.o(i.FMC_SDRAM_ProgramRefreshRate)
    FMC_SDRAM_SendCommand                    0x08001165   Thumb Code    82  stm32f7xx_ll_fmc.o(i.FMC_SDRAM_SendCommand)
    FMC_SDRAM_Timing_Init                    0x080011b9   Thumb Code   152  stm32f7xx_ll_fmc.o(i.FMC_SDRAM_Timing_Init)
    Flir_Display                             0x08001255   Thumb Code   342  main.o(i.Flir_Display)
    HAL_DCMI_DeInit                          0x080013e5   Thumb Code    28  stm32f7xx_hal_dcmi.o(i.HAL_DCMI_DeInit)
    HAL_DCMI_ErrorCallback                   0x08001401   Thumb Code     2  stm32f7xx_hal_dcmi.o(i.HAL_DCMI_ErrorCallback)
    HAL_DCMI_FrameEventCallback              0x08001405   Thumb Code    40  dcmi.o(i.HAL_DCMI_FrameEventCallback)
    HAL_DCMI_IRQHandler                      0x08001439   Thumb Code   176  stm32f7xx_hal_dcmi.o(i.HAL_DCMI_IRQHandler)
    HAL_DCMI_Init                            0x080014ed   Thumb Code   184  stm32f7xx_hal_dcmi.o(i.HAL_DCMI_Init)
    HAL_DCMI_LineEventCallback               0x080015a9   Thumb Code     2  stm32f7xx_hal_dcmi.o(i.HAL_DCMI_LineEventCallback)
    HAL_DCMI_MspDeInit                       0x080015ab   Thumb Code     2  stm32f7xx_hal_dcmi.o(i.HAL_DCMI_MspDeInit)
    HAL_DCMI_MspInit                         0x080015ad   Thumb Code   318  dcmi.o(i.HAL_DCMI_MspInit)
    HAL_DCMI_VsyncEventCallback              0x08001709   Thumb Code     2  stm32f7xx_hal_dcmi.o(i.HAL_DCMI_VsyncEventCallback)
    HAL_DMAEx_MultiBufferStart               0x0800170b   Thumb Code   124  stm32f7xx_hal_dma_ex.o(i.HAL_DMAEx_MultiBufferStart)
    HAL_DMA_Abort_IT                         0x08001787   Thumb Code    40  stm32f7xx_hal_dma.o(i.HAL_DMA_Abort_IT)
    HAL_DMA_DeInit                           0x080017af   Thumb Code    98  stm32f7xx_hal_dma.o(i.HAL_DMA_DeInit)
    HAL_DMA_IRQHandler                       0x08001811   Thumb Code   574  stm32f7xx_hal_dma.o(i.HAL_DMA_IRQHandler)
    HAL_DMA_Init                             0x08001a59   Thumb Code   228  stm32f7xx_hal_dma.o(i.HAL_DMA_Init)
    HAL_DMA_Start                            0x08001b41   Thumb Code   102  stm32f7xx_hal_dma.o(i.HAL_DMA_Start)
    HAL_Delay                                0x08001ba7   Thumb Code    26  stm32f7xx_hal.o(i.HAL_Delay)
    HAL_GPIO_Init                            0x08001bc1   Thumb Code   484  stm32f7xx_hal_gpio.o(i.HAL_GPIO_Init)
    HAL_GPIO_ReadPin                         0x08001dd9   Thumb Code    16  stm32f7xx_hal_gpio.o(i.HAL_GPIO_ReadPin)
    HAL_GPIO_TogglePin                       0x08001de9   Thumb Code     8  stm32f7xx_hal_gpio.o(i.HAL_GPIO_TogglePin)
    HAL_GPIO_WritePin                        0x08001df1   Thumb Code    12  stm32f7xx_hal_gpio.o(i.HAL_GPIO_WritePin)
    HAL_GetTick                              0x08001dfd   Thumb Code     6  stm32f7xx_hal.o(i.HAL_GetTick)
    HAL_I2CEx_ConfigAnalogFilter             0x08001e09   Thumb Code   106  stm32f7xx_hal_i2c_ex.o(i.HAL_I2CEx_ConfigAnalogFilter)
    HAL_I2C_Init                             0x08001e75   Thumb Code   184  stm32f7xx_hal_i2c.o(i.HAL_I2C_Init)
    HAL_I2C_Master_Transmit                  0x08001f31   Thumb Code   368  stm32f7xx_hal_i2c.o(i.HAL_I2C_Master_Transmit)
    HAL_I2C_Mem_Read                         0x080020a5   Thumb Code   438  stm32f7xx_hal_i2c.o(i.HAL_I2C_Mem_Read)
    HAL_I2C_MspInit                          0x08002261   Thumb Code     2  stm32f7xx_hal_i2c.o(i.HAL_I2C_MspInit)
    HAL_IncTick                              0x08002265   Thumb Code    12  stm32f7xx_hal.o(i.HAL_IncTick)
    HAL_Init                                 0x08002275   Thumb Code    34  stm32f7xx_hal.o(i.HAL_Init)
    HAL_InitTick                             0x0800229d   Thumb Code    36  stm32f7xx_hal.o(i.HAL_InitTick)
    HAL_LTDC_ConfigLayer                     0x080022c5   Thumb Code    94  stm32f7xx_hal_ltdc.o(i.HAL_LTDC_ConfigLayer)
    HAL_LTDC_Init                            0x08002325   Thumb Code   290  stm32f7xx_hal_ltdc.o(i.HAL_LTDC_Init)
    HAL_LTDC_MspInit                         0x0800244d   Thumb Code   294  ltdc.o(i.HAL_LTDC_MspInit)
    HAL_LTDC_SetWindowPosition               0x0800258d   Thumb Code   108  stm32f7xx_hal_ltdc.o(i.HAL_LTDC_SetWindowPosition)
    HAL_LTDC_SetWindowSize                   0x080025f9   Thumb Code   116  stm32f7xx_hal_ltdc.o(i.HAL_LTDC_SetWindowSize)
    HAL_MPU_ConfigRegion                     0x0800266d   Thumb Code    88  stm32f7xx_hal_cortex.o(i.HAL_MPU_ConfigRegion)
    HAL_MspInit                              0x080026c9   Thumb Code     2  stm32f7xx_hal.o(i.HAL_MspInit)
    HAL_NVIC_EnableIRQ                       0x080026cb   Thumb Code    26  stm32f7xx_hal_cortex.o(i.HAL_NVIC_EnableIRQ)
    HAL_NVIC_SetPriority                     0x080026e5   Thumb Code   124  stm32f7xx_hal_cortex.o(i.HAL_NVIC_SetPriority)
    HAL_NVIC_SetPriorityGrouping             0x08002761   Thumb Code    32  stm32f7xx_hal_cortex.o(i.HAL_NVIC_SetPriorityGrouping)
    HAL_PWREx_EnableOverDrive                0x08002789   Thumb Code   136  stm32f7xx_hal_pwr_ex.o(i.HAL_PWREx_EnableOverDrive)
    HAL_RCCEx_PeriphCLKConfig                0x08002819   Thumb Code  2428  stm32f7xx_hal_rcc_ex.o(i.HAL_RCCEx_PeriphCLKConfig)
    HAL_RCC_ClockConfig                      0x08003199   Thumb Code   420  stm32f7xx_hal_rcc.o(i.HAL_RCC_ClockConfig)
    HAL_RCC_GetHCLKFreq                      0x0800334d   Thumb Code     6  stm32f7xx_hal_rcc.o(i.HAL_RCC_GetHCLKFreq)
    HAL_RCC_GetPCLK1Freq                     0x08003359   Thumb Code    36  stm32f7xx_hal_rcc.o(i.HAL_RCC_GetPCLK1Freq)
    HAL_RCC_GetPCLK2Freq                     0x08003385   Thumb Code    36  stm32f7xx_hal_rcc.o(i.HAL_RCC_GetPCLK2Freq)
    HAL_RCC_GetSysClockFreq                  0x080033b1   Thumb Code   168  stm32f7xx_hal_rcc.o(i.HAL_RCC_GetSysClockFreq)
    HAL_RCC_OscConfig                        0x08003465   Thumb Code  1228  stm32f7xx_hal_rcc_ex.o(i.HAL_RCC_OscConfig)
    HAL_SDRAM_Init                           0x08003935   Thumb Code    64  stm32f7xx_hal_sdram.o(i.HAL_SDRAM_Init)
    HAL_SDRAM_MspInit                        0x08003975   Thumb Code   258  sdram.o(i.HAL_SDRAM_MspInit)
    HAL_SDRAM_ProgramRefreshRate             0x08003a91   Thumb Code    40  stm32f7xx_hal_sdram.o(i.HAL_SDRAM_ProgramRefreshRate)
    HAL_SDRAM_SendCommand                    0x08003ab9   Thumb Code    58  stm32f7xx_hal_sdram.o(i.HAL_SDRAM_SendCommand)
    HAL_SPI_Init                             0x08003af3   Thumb Code   216  stm32f7xx_hal_spi.o(i.HAL_SPI_Init)
    HAL_SPI_MspInit                          0x08003bcd   Thumb Code   356  spi.o(i.HAL_SPI_MspInit)
    HAL_SPI_Receive                          0x08003d51   Thumb Code   638  stm32f7xx_hal_spi.o(i.HAL_SPI_Receive)
    HAL_SPI_TransmitReceive                  0x08003fcf   Thumb Code   870  stm32f7xx_hal_spi.o(i.HAL_SPI_TransmitReceive)
    HAL_SRAM_Init                            0x08004335   Thumb Code    88  stm32f7xx_hal_sram.o(i.HAL_SRAM_Init)
    HAL_SRAM_MspInit                         0x0800438d   Thumb Code   140  lcd.o(i.HAL_SRAM_MspInit)
    HAL_SYSTICK_CLKSourceConfig              0x08004425   Thumb Code    40  stm32f7xx_hal_cortex.o(i.HAL_SYSTICK_CLKSourceConfig)
    HAL_SYSTICK_Config                       0x0800444d   Thumb Code    52  stm32f7xx_hal_cortex.o(i.HAL_SYSTICK_Config)
    HAL_TIMEx_BreakCallback                  0x08004481   Thumb Code     2  stm32f7xx_hal_tim_ex.o(i.HAL_TIMEx_BreakCallback)
    HAL_TIMEx_CommutationCallback            0x08004483   Thumb Code     2  stm32f7xx_hal_tim_ex.o(i.HAL_TIMEx_CommutationCallback)
    HAL_TIM_Base_Init                        0x08004485   Thumb Code    46  stm32f7xx_hal_tim.o(i.HAL_TIM_Base_Init)
    HAL_TIM_Base_MspInit                     0x080044b5   Thumb Code    50  timer.o(i.HAL_TIM_Base_MspInit)
    HAL_TIM_Base_Start_IT                    0x080044ed   Thumb Code    30  stm32f7xx_hal_tim.o(i.HAL_TIM_Base_Start_IT)
    HAL_TIM_IC_CaptureCallback               0x0800450b   Thumb Code     2  stm32f7xx_hal_tim.o(i.HAL_TIM_IC_CaptureCallback)
    HAL_TIM_IRQHandler                       0x0800450d   Thumb Code   440  stm32f7xx_hal_tim.o(i.HAL_TIM_IRQHandler)
    HAL_TIM_OC_DelayElapsedCallback          0x080046c5   Thumb Code     2  stm32f7xx_hal_tim.o(i.HAL_TIM_OC_DelayElapsedCallback)
    HAL_TIM_PWM_PulseFinishedCallback        0x080046c7   Thumb Code     2  stm32f7xx_hal_tim.o(i.HAL_TIM_PWM_PulseFinishedCallback)
    HAL_TIM_PeriodElapsedCallback            0x080046c9   Thumb Code    38  timer.o(i.HAL_TIM_PeriodElapsedCallback)
    HAL_TIM_TriggerCallback                  0x0800471d   Thumb Code     2  stm32f7xx_hal_tim.o(i.HAL_TIM_TriggerCallback)
    HAL_UART_ErrorCallback                   0x0800471f   Thumb Code     2  stm32f7xx_hal_uart.o(i.HAL_UART_ErrorCallback)
    HAL_UART_IRQHandler                      0x08004721   Thumb Code   344  stm32f7xx_hal_uart.o(i.HAL_UART_IRQHandler)
    HAL_UART_Init                            0x0800487d   Thumb Code   120  stm32f7xx_hal_uart.o(i.HAL_UART_Init)
    HAL_UART_MspInit                         0x080048f5   Thumb Code   208  usart.o(i.HAL_UART_MspInit)
    HAL_UART_Receive                         0x080049d9   Thumb Code   274  stm32f7xx_hal_uart.o(i.HAL_UART_Receive)
    HAL_UART_RxCpltCallback                  0x08004aeb   Thumb Code     2  stm32f7xx_hal_uart.o(i.HAL_UART_RxCpltCallback)
    HAL_UART_TxCpltCallback                  0x08004aed   Thumb Code     2  stm32f7xx_hal_uart.o(i.HAL_UART_TxCpltCallback)
    HardFault_Handler                        0x08004aef   Thumb Code     4  stm32f7xx_it.o(i.HardFault_Handler)
    KEY_Init                                 0x08004d6d   Thumb Code    60  key.o(i.KEY_Init)
    LCD_Clear                                0x08004db1   Thumb Code    58  lcd.o(i.LCD_Clear)
    LCD_Display_Dir                          0x08004df9   Thumb Code   376  lcd.o(i.LCD_Display_Dir)
    LCD_Fast_DrawPoint                       0x08004f79   Thumb Code   278  lcd.o(i.LCD_Fast_DrawPoint)
    LCD_Fill                                 0x0800509d   Thumb Code   104  lcd.o(i.LCD_Fill)
    LCD_Init                                 0x0800510d   Thumb Code  9306  lcd.o(i.LCD_Init)
    LCD_MPU_Config                           0x08007575   Thumb Code   128  lcd.o(i.LCD_MPU_Config)
    LCD_Pow                                  0x080075f9   Thumb Code    22  lcd.o(i.LCD_Pow)
    LCD_RD_DATA                              0x08007611   Thumb Code    14  lcd.o(i.LCD_RD_DATA)
    LCD_SSD_BackLightSet                     0x08007625   Thumb Code    72  lcd.o(i.LCD_SSD_BackLightSet)
    LCD_Scan_Dir                             0x08007675   Thumb Code   624  lcd.o(i.LCD_Scan_Dir)
    LCD_SetCursor                            0x080078e9   Thumb Code   306  lcd.o(i.LCD_SetCursor)
    LCD_Set_Window                           0x08007a21   Thumb Code   398  lcd.o(i.LCD_Set_Window)
    LCD_ShowChar                             0x08007bb5   Thumb Code   288  lcd.o(i.LCD_ShowChar)
    LCD_ShowString                           0x08007cf1   Thumb Code   102  lcd.o(i.LCD_ShowString)
    LCD_ShowxNum                             0x08007d57   Thumb Code   190  lcd.o(i.LCD_ShowxNum)
    LCD_WR_DATA                              0x08007e15   Thumb Code    18  lcd.o(i.LCD_WR_DATA)
    LCD_WR_REG                               0x08007e2d   Thumb Code    18  lcd.o(i.LCD_WR_REG)
    LCD_WriteRAM_Prepare                     0x08007e45   Thumb Code    10  lcd.o(i.LCD_WriteRAM_Prepare)
    LCD_WriteReg                             0x08007e59   Thumb Code    10  lcd.o(i.LCD_WriteReg)
    LED_Init                                 0x08007e69   Thumb Code   144  led.o(i.LED_Init)
    LEP_GetAttribute                         0x08007f05   Thumb Code    70  lepton_sdk.o(i.LEP_GetAttribute)
    LEP_GetSDKVersion                        0x08007f4b   Thumb Code    26  lepton_sdk.o(i.LEP_GetSDKVersion)
    LEP_GetSysFfcShutterModeObj              0x08007f65   Thumb Code    40  lepton_sys.o(i.LEP_GetSysFfcShutterModeObj)
    LEP_I2C_GetAttribute                     0x08007f8d   Thumb Code   308  lepton_i2c_protocol.o(i.LEP_I2C_GetAttribute)
    LEP_I2C_MasterOpen                       0x080080c1   Thumb Code    20  lepton_i2c_service.o(i.LEP_I2C_MasterOpen)
    LEP_I2C_MasterReadData                   0x080080d5   Thumb Code    54  lepton_i2c_service.o(i.LEP_I2C_MasterReadData)
    LEP_I2C_MasterWriteData                  0x0800810b   Thumb Code    54  lepton_i2c_service.o(i.LEP_I2C_MasterWriteData)
    LEP_I2C_OpenPort                         0x08008141   Thumb Code    88  lepton_i2c_protocol.o(i.LEP_I2C_OpenPort)
    LEP_I2C_SetAttribute                     0x08008199   Thumb Code   272  lepton_i2c_protocol.o(i.LEP_I2C_SetAttribute)
    LEP_OpenPort                             0x080082a9   Thumb Code    68  lepton_sdk.o(i.LEP_OpenPort)
    LEP_SetAttribute                         0x080082ed   Thumb Code    64  lepton_sdk.o(i.LEP_SetAttribute)
    LEP_SetSysFfcShutterModeObj              0x0800832d   Thumb Code    34  lepton_sys.o(i.LEP_SetSysFfcShutterModeObj)
    LTDC_Clear                               0x08008351   Thumb Code    32  ltdc.o(i.LTDC_Clear)
    LTDC_Clk_Set                             0x08008375   Thumb Code    38  ltdc.o(i.LTDC_Clk_Set)
    LTDC_Display_Dir                         0x0800839d   Thumb Code    40  ltdc.o(i.LTDC_Display_Dir)
    LTDC_Draw_Point                          0x080083c9   Thumb Code    70  ltdc.o(i.LTDC_Draw_Point)
    LTDC_Fill                                0x08008419   Thumb Code   310  ltdc.o(i.LTDC_Fill)
    LTDC_Init                                0x08008561   Thumb Code   534  ltdc.o(i.LTDC_Init)
    LTDC_Layer_Parameter_Config              0x08008795   Thumb Code   114  ltdc.o(i.LTDC_Layer_Parameter_Config)
    LTDC_Layer_Window_Config                 0x08008811   Thumb Code    44  ltdc.o(i.LTDC_Layer_Window_Config)
    LTDC_PanelID_Read                        0x08008841   Thumb Code   188  ltdc.o(i.LTDC_PanelID_Read)
    LTDC_Select_Layer                        0x08008909   Thumb Code     6  ltdc.o(i.LTDC_Select_Layer)
    M8266HostIf_GPIO_CS_RESET_Init           0x08008b29   Thumb Code   104  m8266hostif.o(i.M8266HostIf_GPIO_CS_RESET_Init)
    M8266HostIf_Init                         0x08008b99   Thumb Code    12  m8266hostif.o(i.M8266HostIf_Init)
    M8266HostIf_SPI_Init                     0x08008ba5   Thumb Code     8  m8266hostif.o(i.M8266HostIf_SPI_Init)
    M8266HostIf_SPI_ReadByte                 0x08008bad   Thumb Code   142  m8266wifidrv.o(i.M8266HostIf_SPI_ReadByte)
    M8266HostIf_SPI_Select                   0x08008c41   Thumb Code     6  m8266wifidrv.o(i.M8266HostIf_SPI_Select)
    M8266HostIf_SPI_WriteByte                0x08008c4d   Thumb Code    24  m8266wifidrv.o(i.M8266HostIf_SPI_WriteByte)
    M8266HostIf_Set_SPI_nCS_Pin              0x08008c69   Thumb Code    30  m8266hostif.o(i.M8266HostIf_Set_SPI_nCS_Pin)
    M8266HostIf_Set_nRESET_Pin               0x08008c8d   Thumb Code    30  m8266hostif.o(i.M8266HostIf_Set_nRESET_Pin)
    M8266HostIf_delay_us                     0x08008cb1   Thumb Code    12  m8266hostif.o(i.M8266HostIf_delay_us)
    M8266WIFI_Config_Connection_via_SPI      0x08008cbd   Thumb Code    42  m8266wifi_ops.o(i.M8266WIFI_Config_Connection_via_SPI)
    M8266WIFI_Module_Hardware_Reset          0x08008ce9   Thumb Code    58  m8266wifi_ops.o(i.M8266WIFI_Module_Hardware_Reset)
    M8266WIFI_Module_Init_Via_SPI            0x08008d29   Thumb Code   308  m8266wifi_ops.o(i.M8266WIFI_Module_Init_Via_SPI)
    M8266WIFI_SPI_Clr_Status_Bit             0x08008f61   Thumb Code    36  m8266wifidrv.o(i.M8266WIFI_SPI_Clr_Status_Bit)
    M8266WIFI_SPI_Get_Opmode                 0x08008f85   Thumb Code   186  m8266wifidrv.o(i.M8266WIFI_SPI_Get_Opmode)
    M8266WIFI_SPI_Get_STA_Connection_Status  0x0800903f   Thumb Code   216  m8266wifidrv.o(i.M8266WIFI_SPI_Get_STA_Connection_Status)
    M8266WIFI_SPI_Get_STA_IP_Addr            0x08009117   Thumb Code   238  m8266wifidrv.o(i.M8266WIFI_SPI_Get_STA_IP_Addr)
    M8266WIFI_SPI_Interface_Communication_OK 0x08009205   Thumb Code    68  m8266wifidrv.o(i.M8266WIFI_SPI_Interface_Communication_OK)
    M8266WIFI_SPI_Query_Connection           0x08009249   Thumb Code   304  m8266wifidrv.o(i.M8266WIFI_SPI_Query_Connection)
    M8266WIFI_SPI_RcvData_Unit               0x08009379   Thumb Code    60  m8266wifidrv.o(i.M8266WIFI_SPI_RcvData_Unit)
    M8266WIFI_SPI_Read_STA                   0x080093b5   Thumb Code    34  m8266wifidrv.o(i.M8266WIFI_SPI_Read_STA)
    M8266WIFI_SPI_STA_Connect_Ap             0x080093d7   Thumb Code   408  m8266wifidrv.o(i.M8266WIFI_SPI_STA_Connect_Ap)
    M8266WIFI_SPI_SendData_Unit              0x0800956f   Thumb Code    62  m8266wifidrv.o(i.M8266WIFI_SPI_SendData_Unit)
    M8266WIFI_SPI_Send_Data                  0x080095ad   Thumb Code   182  m8266wifidrv.o(i.M8266WIFI_SPI_Send_Data)
    M8266WIFI_SPI_Set_Opmode                 0x08009663   Thumb Code   190  m8266wifidrv.o(i.M8266WIFI_SPI_Set_Opmode)
    M8266WIFI_SPI_Set_Status_Bit             0x08009721   Thumb Code    36  m8266wifidrv.o(i.M8266WIFI_SPI_Set_Status_Bit)
    M8266WIFI_SPI_Setup_Connection           0x08009745   Thumb Code   396  m8266wifidrv.o(i.M8266WIFI_SPI_Setup_Connection)
    M8266WIFI_SPI_Slave_Has_Response         0x080098d1   Thumb Code    30  m8266wifidrv.o(i.M8266WIFI_SPI_Slave_Has_Response)
    M8266WIFI_SPI_TxdBuffer_Free             0x080098ef   Thumb Code    30  m8266wifidrv.o(i.M8266WIFI_SPI_TxdBuffer_Free)
    M8266WIFI_SPI_Txd_Unit_has_been_Fetched_away_By_Slave 0x0800990d   Thumb Code    30  m8266wifidrv.o(i.M8266WIFI_SPI_Txd_Unit_has_been_Fetched_away_By_Slave)
    M8266WIFI_SPI_Write_STA                  0x0800992b   Thumb Code    30  m8266wifidrv.o(i.M8266WIFI_SPI_Write_STA)
    M8266WIFI_SPI_Write_Status_Prior_Start_Send 0x08009949   Thumb Code    36  m8266wifidrv.o(i.M8266WIFI_SPI_Write_Status_Prior_Start_Send)
    M8266WIFI_SPI_wait_sta_connecting_to_ap_and_get_ip 0x0800996d   Thumb Code    70  m8266wifi_ops.o(i.M8266WIFI_SPI_wait_sta_connecting_to_ap_and_get_ip)
    M8266WIFI_Wait_SPI_Slave_Cmd_Response    0x080099bd   Thumb Code    82  m8266wifidrv.o(i.M8266WIFI_Wait_SPI_Slave_Cmd_Response)
    M8266WIFI_Wait_SPI_Slave_Connection_Buffer_Free 0x08009a0f   Thumb Code    76  m8266wifidrv.o(i.M8266WIFI_Wait_SPI_Slave_Connection_Buffer_Free)
    M8266WIFI_Wait_SPI_Slave_Fetch_Away_Data 0x08009a5b   Thumb Code    76  m8266wifidrv.o(i.M8266WIFI_Wait_SPI_Slave_Fetch_Away_Data)
    M8266Wifi_Init                           0x08009aa9   Thumb Code    80  m8266app.o(i.M8266Wifi_Init)
    MPU_Memory_Protection                    0x08009be1   Thumb Code    52  mpu.o(i.MPU_Memory_Protection)
    MPU_Set_Protection                       0x08009c15   Thumb Code   140  mpu.o(i.MPU_Set_Protection)
    MX_I2C4_Init                             0x08009ca5   Thumb Code   154  myiic.o(i.MX_I2C4_Init)
    MemManage_Handler                        0x08009d55   Thumb Code    98  mpu.o(i.MemManage_Handler)
    NMI_Handler                              0x08009df1   Thumb Code     2  stm32f7xx_it.o(i.NMI_Handler)
    OV5640_Brightness                        0x08009e2d   Thumb Code    90  ov5640.o(i.OV5640_Brightness)
    OV5640_Color_Saturation                  0x08009e89   Thumb Code   120  ov5640.o(i.OV5640_Color_Saturation)
    OV5640_Config                            0x08009f05   Thumb Code   220  main.o(i.OV5640_Config)
    OV5640_Contrast                          0x0800a019   Thumb Code   120  ov5640.o(i.OV5640_Contrast)
    OV5640_Flash_Ctrl                        0x0800a091   Thumb Code    50  ov5640.o(i.OV5640_Flash_Ctrl)
    OV5640_Focus_Constant                    0x0800a0c3   Thumb Code   124  ov5640.o(i.OV5640_Focus_Constant)
    OV5640_Focus_Init                        0x0800a141   Thumb Code   180  ov5640.o(i.OV5640_Focus_Init)
    OV5640_Focus_Single                      0x0800a1f9   Thumb Code    60  ov5640.o(i.OV5640_Focus_Single)
    OV5640_ImageWin_Set                      0x0800a235   Thumb Code   160  ov5640.o(i.OV5640_ImageWin_Set)
    OV5640_Init                              0x0800a2d5   Thumb Code   316  ov5640.o(i.OV5640_Init)
    OV5640_Light_Mode                        0x0800a429   Thumb Code    66  ov5640.o(i.OV5640_Light_Mode)
    OV5640_OutSize_Set                       0x0800a471   Thumb Code   128  ov5640.o(i.OV5640_OutSize_Set)
    OV5640_RD_Reg                            0x0800a4f1   Thumb Code    60  ov5640.o(i.OV5640_RD_Reg)
    OV5640_RGB565_Mode                       0x0800a52d   Thumb Code    52  ov5640.o(i.OV5640_RGB565_Mode)
    OV5640_Sharpness                         0x0800a569   Thumb Code   122  ov5640.o(i.OV5640_Sharpness)
    OV5640_Special_Effects                   0x0800a5e5   Thumb Code    98  ov5640.o(i.OV5640_Special_Effects)
    OV5640_Test_Pattern                      0x0800a64d   Thumb Code    50  ov5640.o(i.OV5640_Test_Pattern)
    OV5640_WR_Reg                            0x0800a67f   Thumb Code    60  ov5640.o(i.OV5640_WR_Reg)
    PendSV_Handler                           0x0800a6bb   Thumb Code     2  stm32f7xx_it.o(i.PendSV_Handler)
    Power_Init                               0x0800a6bd   Thumb Code   162  led.o(i.Power_Init)
    SCCB_Delay                               0x0800a809   Thumb Code    10  sccb.o(i.SCCB_Delay)
    SCCB_Init                                0x0800a815   Thumb Code    60  sccb.o(i.SCCB_Init)
    SCCB_No_Ack                              0x0800a859   Thumb Code    62  sccb.o(i.SCCB_No_Ack)
    SCCB_RD_Byte                             0x0800a89d   Thumb Code   108  sccb.o(i.SCCB_RD_Byte)
    SCCB_Start                               0x0800a90d   Thumb Code    54  sccb.o(i.SCCB_Start)
    SCCB_Stop                                0x0800a949   Thumb Code    48  sccb.o(i.SCCB_Stop)
    SCCB_WR_Byte                             0x0800a97d   Thumb Code   168  sccb.o(i.SCCB_WR_Byte)
    SDRAM_Init                               0x0800aa29   Thumb Code    96  sdram.o(i.SDRAM_Init)
    SDRAM_Initialization_Sequence            0x0800aa91   Thumb Code    78  sdram.o(i.SDRAM_Initialization_Sequence)
    SDRAM_Send_Cmd                           0x0800aae5   Thumb Code    68  sdram.o(i.SDRAM_Send_Cmd)
    SPI2_Init                                0x0800ab2d   Thumb Code   128  spi.o(i.SPI2_Init)
    SPI2_Readbuff                            0x0800abb9   Thumb Code    26  spi.o(i.SPI2_Readbuff)
    SPI4_Init                                0x0800abd9   Thumb Code    90  spi.o(i.SPI4_Init)
    SVC_Handler                              0x0800ae7f   Thumb Code     2  stm32f7xx_it.o(i.SVC_Handler)
    Stm32_Clock_Init                         0x0800ae81   Thumb Code   170  sys.o(i.Stm32_Clock_Init)
    SysTick_Handler                          0x0800af35   Thumb Code     8  stm32f7xx_it.o(i.SysTick_Handler)
    SystemInit                               0x0800af3d   Thumb Code    82  system_stm32f7xx.o(i.SystemInit)
    TIM3_IRQHandler                          0x0800afa1   Thumb Code    10  timer.o(i.TIM3_IRQHandler)
    TIM4_IRQHandler                          0x0800afb1   Thumb Code    58  usmart.o(i.TIM4_IRQHandler)
    TIM_Base_SetConfig                       0x0800aff5   Thumb Code   184  stm32f7xx_hal_tim.o(i.TIM_Base_SetConfig)
    Timer4_Init                              0x0800b0d9   Thumb Code    80  usmart.o(i.Timer4_Init)
    UART_AdvFeatureConfig                    0x0800b135   Thumb Code   234  stm32f7xx_hal_uart.o(i.UART_AdvFeatureConfig)
    UART_CheckIdleState                      0x0800b21f   Thumb Code   116  stm32f7xx_hal_uart.o(i.UART_CheckIdleState)
    UART_SetConfig                           0x0800b375   Thumb Code   858  stm32f7xx_hal_uart.o(i.UART_SetConfig)
    UART_WaitOnFlagUntilTimeout              0x0800b76b   Thumb Code   108  stm32f7xx_hal_uart.o(i.UART_WaitOnFlagUntilTimeout)
    USART1_IRQHandler                        0x0800b7d9   Thumb Code   146  usart.o(i.USART1_IRQHandler)
    UsageFault_Handler                       0x0800b879   Thumb Code     4  stm32f7xx_it.o(i.UsageFault_Handler)
    _is_digit                                0x0800b87d   Thumb Code    14  __printf_wp.o(i._is_digit)
    _sys_exit                                0x0800b88b   Thumb Code     4  usart.o(i._sys_exit)
    delay_init                               0x0800b891   Thumb Code    16  delay.o(i.delay_init)
    delay_ms                                 0x0800b8a5   Thumb Code    24  delay.o(i.delay_ms)
    delay_us                                 0x0800b8bd   Thumb Code    68  delay.o(i.delay_us)
    enable_FFC                               0x0800b905   Thumb Code    48  lepton_i2c.o(i.enable_FFC)
    fputc                                    0x0800b939   Thumb Code    22  usart.o(i.fputc)
    init_lepton_command_interface            0x0800b955   Thumb Code    38  lepton_i2c.o(i.init_lepton_command_interface)
    lepton_init                              0x0800b981   Thumb Code    60  lepton.o(i.lepton_init)
    lepton_spi_rx_dma_cplt                   0x0800b9c5   Thumb Code    14  lepton.o(i.lepton_spi_rx_dma_cplt)
    main                                     0x0800b9dd   Thumb Code   230  main.o(i.main)
    mculcd_dcmi_rx_callback                  0x0800baf9   Thumb Code    26  main.o(i.mculcd_dcmi_rx_callback)
    read_addr                                0x0800bb39   Thumb Code     6  usmart.o(i.read_addr)
    uart_init                                0x0800bb41   Thumb Code    78  usart.o(i.uart_init)
    usmart_cmd_rec                           0x0800bb9d   Thumb Code   170  usmart.o(i.usmart_cmd_rec)
    usmart_exe                               0x0800bc4d   Thumb Code   632  usmart.o(i.usmart_exe)
    usmart_get_aparm                         0x0800bf21   Thumb Code   212  usmart_str.o(i.usmart_get_aparm)
    usmart_get_cmdname                       0x0800bff5   Thumb Code    54  usmart_str.o(i.usmart_get_cmdname)
    usmart_get_fname                         0x0800c02d   Thumb Code   440  usmart_str.o(i.usmart_get_fname)
    usmart_get_fparam                        0x0800c1ed   Thumb Code   262  usmart_str.o(i.usmart_get_fparam)
    usmart_get_parmpos                       0x0800c2f9   Thumb Code    26  usmart_str.o(i.usmart_get_parmpos)
    usmart_get_runtime                       0x0800c319   Thumb Code    58  usmart.o(i.usmart_get_runtime)
    usmart_init                              0x0800c35d   Thumb Code    36  usmart.o(i.usmart_init)
    usmart_pow                               0x0800c385   Thumb Code    22  usmart_str.o(i.usmart_pow)
    usmart_reset_runtime                     0x0800c39d   Thumb Code    44  usmart.o(i.usmart_reset_runtime)
    usmart_scan                              0x0800c3d1   Thumb Code   120  usmart.o(i.usmart_scan)
    usmart_search_nextc                      0x0800c48d   Thumb Code    22  usmart_str.o(i.usmart_search_nextc)
    usmart_str2num                           0x0800c4a3   Thumb Code   262  usmart_str.o(i.usmart_str2num)
    usmart_strcmp                            0x0800c5a9   Thumb Code    34  usmart_str.o(i.usmart_strcmp)
    usmart_strcopy                           0x0800c5cb   Thumb Code    22  usmart_str.o(i.usmart_strcopy)
    usmart_strlen                            0x0800c5e1   Thumb Code    24  usmart_str.o(i.usmart_strlen)
    usmart_sys_cmd_exe                       0x0800c5f9   Thumb Code  1570  usmart.o(i.usmart_sys_cmd_exe)
    write_addr                               0x0800cced   Thumb Code     4  usmart.o(i.write_addr)
    _fp_init                                 0x0800ccf1   Thumb Code    10  fpinit.o(x$fpl$fpinit)
    __fplib_config_fpu_vfp                   0x0800ccf9   Thumb Code     0  fpinit.o(x$fpl$fpinit)
    __fplib_config_pureend_doubles           0x0800ccf9   Thumb Code     0  fpinit.o(x$fpl$fpinit)
    AHBPrescTable                            0x0800ccfa   Data          16  system_stm32f7xx.o(.constdata)
    APBPrescTable                            0x0800cd0a   Data           8  system_stm32f7xx.o(.constdata)
    asc2_1206                                0x0800cd1a   Data        1140  lcd.o(.constdata)
    asc2_1608                                0x0800d18e   Data        1520  lcd.o(.constdata)
    asc2_2412                                0x0800d77e   Data        3420  lcd.o(.constdata)
    asc2_3216                                0x0800e4da   Data       12160  lcd.o(.constdata)
    OV5640_jpeg_reg_tbl                      0x0801145a   Data         164  ov5640.o(.constdata)
    ov5640_rgb565_reg_tbl                    0x080114fe   Data         180  ov5640.o(.constdata)
    ov5640_uxga_init_reg_tbl                 0x080115b2   Data         828  ov5640.o(.constdata)
    OV5640_AF_Config                         0x080118ee   Data        4077  ov5640.o(.constdata)
    ccitt_16Table                            0x0801293e   Data         512  crc16fast.o(.constdata)
    Region$$Table$$Base                      0x08012e8c   Number         0  anon$$obj.o(Region$$Table)
    Region$$Table$$Limit                     0x08012eac   Number         0  anon$$obj.o(Region$$Table)
    SSID                                     0x20020000   Data           4  main.o(.data)
    PWD                                      0x20020004   Data           4  main.o(.data)
    ovx_mode                                 0x20020008   Data           1  main.o(.data)
    buffmask                                 0x20020009   Data           1  main.o(.data)
    DISmask                                  0x2002000a   Data           1  main.o(.data)
    disbuff                                  0x2002000b   Data           1  main.o(.data)
    dma_mark                                 0x2002000c   Data           1  main.o(.data)
    curline                                  0x2002000e   Data           2  main.o(.data)
    yoffset                                  0x20020010   Data           2  main.o(.data)
    sendfps                                  0x20020012   Data           2  main.o(.data)
    zhenshu                                  0x20020014   Data           4  main.o(.data)
    jpeg_data_len                            0x20020018   Data           4  main.o(.data)
    jpeg_data_ok                             0x2002001c   Data           1  main.o(.data)
    SystemCoreClock                          0x20020020   Data           4  system_stm32f7xx.o(.data)
    uwTick                                   0x20020024   Data           4  stm32f7xx_hal.o(.data)
    __stdout                                 0x2002002c   Data           4  usart.o(.data)
    USART_RX_STA                             0x20020030   Data           2  usart.o(.data)
    aRxBuffer                                0x20020032   Data           1  usart.o(.data)
    POINT_COLOR                              0x20020034   Data           4  lcd.o(.data)
    BACK_COLOR                               0x20020038   Data           4  lcd.o(.data)
    ltdc_framebuf                            0x2002003c   Data           8  ltdc.o(.data)
    ov_frame                                 0x20020044   Data           1  dcmi.o(.data)
    dcmi_rx_callback                         0x20020048   Data           4  dcmi.o(.data)
    xfer_state                               0x2002004c   Data           1  lepton.o(.data)
    dma_work_mask                            0x2002004d   Data           1  lepton.o(.data)
    status2                                  0x2002004e   Data           1  lepton.o(.data)
    hport_desc                               0x20020050   Data           8  lepton_i2c.o(.data)
    sys_cmd_tab                              0x20020058   Data          28  usmart.o(.data)
    usmart_nametab                           0x20020074   Data         152  usmart_config.o(.data)
    usmart_dev                               0x2002010c   Data         244  usmart_config.o(.data)
    dcmi_line_buf                            0x20020204   Data       153600  main.o(.bss)
    xx                                       0x20045a04   Data        9840  main.o(.bss)
    USART_RX_BUF                             0x20048074   Data         200  usart.o(.bss)
    UART1_Handler                            0x2004813c   Data         112  usart.o(.bss)
    hdma_usart1_tx                           0x200481ac   Data          96  usart.o(.bss)
    SDRAM_Handler                            0x2004820c   Data          52  sdram.o(.bss)
    SRAM_Handler                             0x20048240   Data          76  lcd.o(.bss)
    lcddev                                   0x2004828c   Data          14  lcd.o(.bss)
    LTDC_Handler                             0x2004829c   Data         168  ltdc.o(.bss)
    DMA2D_Handler                            0x20048344   Data          88  ltdc.o(.bss)
    lcdltdc                                  0x2004839c   Data          32  ltdc.o(.bss)
    hi2c4                                    0x200483bc   Data          76  myiic.o(.bss)
    TIM3_Handler                             0x20048408   Data          60  timer.o(.bss)
    DCMI_Handler                             0x20048444   Data          80  dcmi.o(.bss)
    DMADMCI_Handler                          0x20048494   Data          96  dcmi.o(.bss)
    hspi2                                    0x200484f4   Data         100  spi.o(.bss)
    hspi4                                    0x20048558   Data         100  spi.o(.bss)
    hdma_spi2_rx                             0x200485bc   Data          96  spi.o(.bss)
    hdma_spi2_tx                             0x2004861c   Data          96  spi.o(.bss)
    TIM4_Handler                             0x2004867c   Data          60  usmart.o(.bss)
    txrxdata                                 0x200486b8   Data        1024  stm32_i2c.o(.bss)
    __libspace_start                         0x20048ab8   Data          96  libspace.o(.bss)
    __temporary_stack_top$libspace           0x20048b18   Data           0  libspace.o(.bss)
    ltdc_lcd_framebuf                        0xc0000000   Data       2048000  ltdc.o(.ARM.__AT_0xC0000000)
    jpeg_data_buf                            0xc01f4000   Data       1228800  main.o(.ARM.__AT_0xC01F4000)
    rgbbuf                                   0xc1000000   Data       153600  lepton.o(.ARM.__AT_0xC1000000)
    rgbbuf2                                  0xc1025800   Data       153600  main.o(.ARM.__AT_0xC1025800)
    sendbuf                                  0xc104b000   Data       6080000  main.o(.ARM.__AT_0xC104B000)



==============================================================================

Memory Map of the image

  Image Entry point : 0x080001f9

  Load Region LR_IROM1 (Base: 0x08000000, Size: 0x000130b0, Max: 0x00100000, ABSOLUTE, COMPRESSED[0x00012f70])

    Execution Region ER_IROM1 (Base: 0x08000000, Size: 0x00012eac, Max: 0x00100000, ABSOLUTE)

    Base Addr    Size         Type   Attr      Idx    E Section Name        Object

    0x08000000   0x000001f8   Data   RO          622    RESET               startup_stm32f767xx.o
    0x080001f8   0x00000008   Code   RO         8625  * !!!main             c_w.l(__main.o)
    0x08000200   0x00000034   Code   RO         8797    !!!scatter          c_w.l(__scatter.o)
    0x08000234   0x0000005a   Code   RO         8795    !!dczerorl2         c_w.l(__dczerorl2.o)
    0x0800028e   0x00000002   PAD
    0x08000290   0x0000001c   Code   RO         8799    !!handler_zi        c_w.l(__scatter_zi.o)
    0x080002ac   0x00000000   Code   RO         8616    .ARM.Collect$$_printf_percent$$00000000  c_w.l(_printf_percent.o)
    0x080002ac   0x00000006   Code   RO         8614    .ARM.Collect$$_printf_percent$$00000009  c_w.l(_printf_d.o)
    0x080002b2   0x00000006   Code   RO         8615    .ARM.Collect$$_printf_percent$$0000000A  c_w.l(_printf_u.o)
    0x080002b8   0x00000006   Code   RO         8613    .ARM.Collect$$_printf_percent$$0000000C  c_w.l(_printf_x.o)
    0x080002be   0x00000006   Code   RO         8611    .ARM.Collect$$_printf_percent$$00000013  c_w.l(_printf_c.o)
    0x080002c4   0x00000006   Code   RO         8612    .ARM.Collect$$_printf_percent$$00000014  c_w.l(_printf_s.o)
    0x080002ca   0x00000004   Code   RO         8636    .ARM.Collect$$_printf_percent$$00000017  c_w.l(_printf_percent_end.o)
    0x080002ce   0x00000002   Code   RO         8669    .ARM.Collect$$libinit$$00000000  c_w.l(libinit.o)
    0x080002d0   0x00000004   Code   RO         8675    .ARM.Collect$$libinit$$00000001  c_w.l(libinit2.o)
    0x080002d4   0x00000000   Code   RO         8678    .ARM.Collect$$libinit$$00000004  c_w.l(libinit2.o)
    0x080002d4   0x00000000   Code   RO         8681    .ARM.Collect$$libinit$$0000000A  c_w.l(libinit2.o)
    0x080002d4   0x00000000   Code   RO         8683    .ARM.Collect$$libinit$$0000000C  c_w.l(libinit2.o)
    0x080002d4   0x00000000   Code   RO         8685    .ARM.Collect$$libinit$$0000000E  c_w.l(libinit2.o)
    0x080002d4   0x00000000   Code   RO         8688    .ARM.Collect$$libinit$$00000011  c_w.l(libinit2.o)
    0x080002d4   0x00000000   Code   RO         8690    .ARM.Collect$$libinit$$00000013  c_w.l(libinit2.o)
    0x080002d4   0x00000000   Code   RO         8692    .ARM.Collect$$libinit$$00000015  c_w.l(libinit2.o)
    0x080002d4   0x00000000   Code   RO         8694    .ARM.Collect$$libinit$$00000017  c_w.l(libinit2.o)
    0x080002d4   0x00000000   Code   RO         8696    .ARM.Collect$$libinit$$00000019  c_w.l(libinit2.o)
    0x080002d4   0x00000000   Code   RO         8698    .ARM.Collect$$libinit$$0000001B  c_w.l(libinit2.o)
    0x080002d4   0x00000000   Code   RO         8700    .ARM.Collect$$libinit$$0000001D  c_w.l(libinit2.o)
    0x080002d4   0x00000000   Code   RO         8702    .ARM.Collect$$libinit$$0000001F  c_w.l(libinit2.o)
    0x080002d4   0x00000000   Code   RO         8704    .ARM.Collect$$libinit$$00000021  c_w.l(libinit2.o)
    0x080002d4   0x00000000   Code   RO         8706    .ARM.Collect$$libinit$$00000023  c_w.l(libinit2.o)
    0x080002d4   0x00000000   Code   RO         8708    .ARM.Collect$$libinit$$00000025  c_w.l(libinit2.o)
    0x080002d4   0x00000000   Code   RO         8712    .ARM.Collect$$libinit$$0000002C  c_w.l(libinit2.o)
    0x080002d4   0x00000000   Code   RO         8714    .ARM.Collect$$libinit$$0000002E  c_w.l(libinit2.o)
    0x080002d4   0x00000000   Code   RO         8716    .ARM.Collect$$libinit$$00000030  c_w.l(libinit2.o)
    0x080002d4   0x00000000   Code   RO         8718    .ARM.Collect$$libinit$$00000032  c_w.l(libinit2.o)
    0x080002d4   0x00000002   Code   RO         8719    .ARM.Collect$$libinit$$00000033  c_w.l(libinit2.o)
    0x080002d6   0x00000002   Code   RO         8737    .ARM.Collect$$libshutdown$$00000000  c_w.l(libshutdown.o)
    0x080002d8   0x00000000   Code   RO         8747    .ARM.Collect$$libshutdown$$00000002  c_w.l(libshutdown2.o)
    0x080002d8   0x00000000   Code   RO         8749    .ARM.Collect$$libshutdown$$00000004  c_w.l(libshutdown2.o)
    0x080002d8   0x00000000   Code   RO         8752    .ARM.Collect$$libshutdown$$00000007  c_w.l(libshutdown2.o)
    0x080002d8   0x00000000   Code   RO         8755    .ARM.Collect$$libshutdown$$0000000A  c_w.l(libshutdown2.o)
    0x080002d8   0x00000000   Code   RO         8757    .ARM.Collect$$libshutdown$$0000000C  c_w.l(libshutdown2.o)
    0x080002d8   0x00000000   Code   RO         8760    .ARM.Collect$$libshutdown$$0000000F  c_w.l(libshutdown2.o)
    0x080002d8   0x00000002   Code   RO         8761    .ARM.Collect$$libshutdown$$00000010  c_w.l(libshutdown2.o)
    0x080002da   0x00000000   Code   RO         8629    .ARM.Collect$$rtentry$$00000000  c_w.l(__rtentry.o)
    0x080002da   0x00000000   Code   RO         8638    .ARM.Collect$$rtentry$$00000002  c_w.l(__rtentry2.o)
    0x080002da   0x00000006   Code   RO         8650    .ARM.Collect$$rtentry$$00000004  c_w.l(__rtentry4.o)
    0x080002e0   0x00000000   Code   RO         8640    .ARM.Collect$$rtentry$$00000009  c_w.l(__rtentry2.o)
    0x080002e0   0x00000004   Code   RO         8641    .ARM.Collect$$rtentry$$0000000A  c_w.l(__rtentry2.o)
    0x080002e4   0x00000000   Code   RO         8643    .ARM.Collect$$rtentry$$0000000C  c_w.l(__rtentry2.o)
    0x080002e4   0x00000008   Code   RO         8644    .ARM.Collect$$rtentry$$0000000D  c_w.l(__rtentry2.o)
    0x080002ec   0x00000002   Code   RO         8673    .ARM.Collect$$rtexit$$00000000  c_w.l(rtexit.o)
    0x080002ee   0x00000000   Code   RO         8721    .ARM.Collect$$rtexit$$00000002  c_w.l(rtexit2.o)
    0x080002ee   0x00000004   Code   RO         8722    .ARM.Collect$$rtexit$$00000003  c_w.l(rtexit2.o)
    0x080002f2   0x00000006   Code   RO         8723    .ARM.Collect$$rtexit$$00000004  c_w.l(rtexit2.o)
    0x080002f8   0x00000040   Code   RO          623    .text               startup_stm32f767xx.o
    0x08000338   0x00000002   Code   RO         8556    .text               c_w.l(use_no_semi_2.o)
    0x0800033a   0x00000002   PAD
    0x0800033c   0x00000018   Code   RO         8560    .text               c_w.l(noretval__2printf.o)
    0x08000354   0x0000004e   Code   RO         8564    .text               c_w.l(_printf_pad.o)
    0x080003a2   0x00000052   Code   RO         8566    .text               c_w.l(_printf_str.o)
    0x080003f4   0x00000078   Code   RO         8568    .text               c_w.l(_printf_dec.o)
    0x0800046c   0x00000058   Code   RO         8573    .text               c_w.l(_printf_hex_int.o)
    0x080004c4   0x00000188   Code   RO         8608    .text               c_w.l(__printf_flags_ss_wp.o)
    0x0800064c   0x00000064   Code   RO         8617    .text               c_w.l(rt_memcpy_w.o)
    0x080006b0   0x0000004e   Code   RO         8619    .text               c_w.l(rt_memclr_w.o)
    0x080006fe   0x00000002   PAD
    0x08000700   0x00000068   Code   RO         8621    .text               c_w.l(strcmpv7m_pel.o)
    0x08000768   0x00000006   Code   RO         8623    .text               c_w.l(heapauxi.o)
    0x0800076e   0x00000002   Code   RO         8627    .text               c_w.l(use_no_semi.o)
    0x08000770   0x000000b2   Code   RO         8630    .text               c_w.l(_printf_intcommon.o)
    0x08000822   0x0000002c   Code   RO         8632    .text               c_w.l(_printf_char.o)
    0x0800084e   0x00000002   PAD
    0x08000850   0x00000024   Code   RO         8634    .text               c_w.l(_printf_char_file.o)
    0x08000874   0x00000030   Code   RO         8652    .text               c_w.l(_printf_char_common.o)
    0x080008a4   0x00000008   Code   RO         8654    .text               c_w.l(ferror.o)
    0x080008ac   0x0000004a   Code   RO         8658    .text               c_w.l(sys_stackheap_outer.o)
    0x080008f6   0x00000012   Code   RO         8662    .text               c_w.l(exit.o)
    0x08000908   0x00000008   Code   RO         8670    .text               c_w.l(libspace.o)
    0x08000910   0x00000004   Code   RO          393    i.BusFault_Handler  stm32f7xx_it.o
    0x08000914   0x0000001c   Code   RO         6584    i.ByteCRC16         crc16fast.o
    0x08000930   0x00000078   Code   RO         4858    i.Cache_Enable      sys.o
    0x080009a8   0x0000002c   Code   RO         6586    i.CalcCRC16Words    crc16fast.o
    0x080009d4   0x00000048   Code   RO         5761    i.DCMI_CR_Set       dcmi.o
    0x08000a1c   0x00000024   Code   RO         3886    i.DCMI_DMAError     stm32f7xx_hal_dcmi.o
    0x08000a40   0x000000ec   Code   RO         5762    i.DCMI_DMA_Init     dcmi.o
    0x08000b2c   0x00000010   Code   RO         5763    i.DCMI_IRQHandler   dcmi.o
    0x08000b3c   0x0000005c   Code   RO         5764    i.DCMI_Init         dcmi.o
    0x08000b98   0x00000064   Code   RO         5765    i.DCMI_Set_Window   dcmi.o
    0x08000bfc   0x00000034   Code   RO         5766    i.DCMI_Start        dcmi.o
    0x08000c30   0x00000034   Code   RO         5767    i.DCMI_Stop         dcmi.o
    0x08000c64   0x00000006   Code   RO         8236    i.DEV_I2C_MasterInit  stm32_i2c.o
    0x08000c6a   0x00000002   PAD
    0x08000c6c   0x00000094   Code   RO         8237    i.DEV_I2C_MasterReadData  stm32_i2c.o
    0x08000d00   0x0000008c   Code   RO         8241    i.DEV_I2C_MasterWriteData  stm32_i2c.o
    0x08000d8c   0x00000014   Code   RO         5987    i.DMA1_Stream3_IRQHandler  lepton.o
    0x08000da0   0x00000010   Code   RO         6178    i.DMA1_Stream4_IRQHandler  spi.o
    0x08000db0   0x000000b4   Code   RO         5768    i.DMA2_Stream1_IRQHandler  dcmi.o
    0x08000e64   0x00000018   Code   RO            4    i.DMA2_Stream7_IRQHandler  main.o
    0x08000e7c   0x00000034   Code   RO          929    i.DMA_CalcBaseAndBitshift  stm32f7xx_hal_dma.o
    0x08000eb0   0x000000ba   Code   RO          930    i.DMA_CheckFifoParam  stm32f7xx_hal_dma.o
    0x08000f6a   0x00000020   Code   RO         1035    i.DMA_MultiBufferSetConfig  stm32f7xx_hal_dma_ex.o
    0x08000f8a   0x0000002c   Code   RO          931    i.DMA_SetConfig     stm32f7xx_hal_dma.o
    0x08000fb6   0x00000002   Code   RO          394    i.DebugMon_Handler  stm32f7xx_it.o
    0x08000fb8   0x00000004   Code   RO         5456    i.Error_Handler     myiic.o
    0x08000fbc   0x00000048   Code   RO         2966    i.FMC_NORSRAM_Extended_Timing_Init  stm32f7xx_ll_fmc.o
    0x08001004   0x00000080   Code   RO         2967    i.FMC_NORSRAM_Init  stm32f7xx_ll_fmc.o
    0x08001084   0x0000005e   Code   RO         2968    i.FMC_NORSRAM_Timing_Init  stm32f7xx_ll_fmc.o
    0x080010e2   0x00000074   Code   RO         2973    i.FMC_SDRAM_Init    stm32f7xx_ll_fmc.o
    0x08001156   0x0000000e   Code   RO         2974    i.FMC_SDRAM_ProgramRefreshRate  stm32f7xx_ll_fmc.o
    0x08001164   0x00000052   Code   RO         2975    i.FMC_SDRAM_SendCommand  stm32f7xx_ll_fmc.o
    0x080011b6   0x00000002   PAD
    0x080011b8   0x0000009c   Code   RO         2977    i.FMC_SDRAM_Timing_Init  stm32f7xx_ll_fmc.o
    0x08001254   0x00000190   Code   RO            5    i.Flir_Display      main.o
    0x080013e4   0x0000001c   Code   RO         3889    i.HAL_DCMI_DeInit   stm32f7xx_hal_dcmi.o
    0x08001400   0x00000002   Code   RO         3892    i.HAL_DCMI_ErrorCallback  stm32f7xx_hal_dcmi.o
    0x08001402   0x00000002   PAD
    0x08001404   0x00000034   Code   RO         5769    i.HAL_DCMI_FrameEventCallback  dcmi.o
    0x08001438   0x000000b4   Code   RO         3896    i.HAL_DCMI_IRQHandler  stm32f7xx_hal_dcmi.o
    0x080014ec   0x000000bc   Code   RO         3897    i.HAL_DCMI_Init     stm32f7xx_hal_dcmi.o
    0x080015a8   0x00000002   Code   RO         3898    i.HAL_DCMI_LineEventCallback  stm32f7xx_hal_dcmi.o
    0x080015aa   0x00000002   Code   RO         3899    i.HAL_DCMI_MspDeInit  stm32f7xx_hal_dcmi.o
    0x080015ac   0x0000015c   Code   RO         5770    i.HAL_DCMI_MspInit  dcmi.o
    0x08001708   0x00000002   Code   RO         3905    i.HAL_DCMI_VsyncEventCallback  stm32f7xx_hal_dcmi.o
    0x0800170a   0x0000007c   Code   RO         1037    i.HAL_DMAEx_MultiBufferStart  stm32f7xx_hal_dma_ex.o
    0x08001786   0x00000028   Code   RO          933    i.HAL_DMA_Abort_IT  stm32f7xx_hal_dma.o
    0x080017ae   0x00000062   Code   RO          934    i.HAL_DMA_DeInit    stm32f7xx_hal_dma.o
    0x08001810   0x00000248   Code   RO          937    i.HAL_DMA_IRQHandler  stm32f7xx_hal_dma.o
    0x08001a58   0x000000e8   Code   RO          938    i.HAL_DMA_Init      stm32f7xx_hal_dma.o
    0x08001b40   0x00000066   Code   RO          941    i.HAL_DMA_Start     stm32f7xx_hal_dma.o
    0x08001ba6   0x0000001a   Code   RO          637    i.HAL_Delay         stm32f7xx_hal.o
    0x08001bc0   0x00000218   Code   RO         1079    i.HAL_GPIO_Init     stm32f7xx_hal_gpio.o
    0x08001dd8   0x00000010   Code   RO         1081    i.HAL_GPIO_ReadPin  stm32f7xx_hal_gpio.o
    0x08001de8   0x00000008   Code   RO         1082    i.HAL_GPIO_TogglePin  stm32f7xx_hal_gpio.o
    0x08001df0   0x0000000c   Code   RO         1083    i.HAL_GPIO_WritePin  stm32f7xx_hal_gpio.o
    0x08001dfc   0x0000000c   Code   RO          647    i.HAL_GetTick       stm32f7xx_hal.o
    0x08001e08   0x0000006a   Code   RO         4468    i.HAL_I2CEx_ConfigAnalogFilter  stm32f7xx_hal_i2c_ex.o
    0x08001e72   0x00000002   PAD
    0x08001e74   0x000000bc   Code   RO         4051    i.HAL_I2C_Init      stm32f7xx_hal_i2c.o
    0x08001f30   0x00000174   Code   RO         4062    i.HAL_I2C_Master_Transmit  stm32f7xx_hal_i2c.o
    0x080020a4   0x000001bc   Code   RO         4067    i.HAL_I2C_Mem_Read  stm32f7xx_hal_i2c.o
    0x08002260   0x00000002   Code   RO         4074    i.HAL_I2C_MspInit   stm32f7xx_hal_i2c.o
    0x08002262   0x00000002   PAD
    0x08002264   0x00000010   Code   RO          648    i.HAL_IncTick       stm32f7xx_hal.o
    0x08002274   0x00000028   Code   RO          649    i.HAL_Init          stm32f7xx_hal.o
    0x0800229c   0x00000028   Code   RO          650    i.HAL_InitTick      stm32f7xx_hal.o
    0x080022c4   0x0000005e   Code   RO         3387    i.HAL_LTDC_ConfigLayer  stm32f7xx_hal_ltdc.o
    0x08002322   0x00000002   PAD
    0x08002324   0x00000128   Code   RO         3404    i.HAL_LTDC_Init     stm32f7xx_hal_ltdc.o
    0x0800244c   0x00000140   Code   RO         5340    i.HAL_LTDC_MspInit  ltdc.o
    0x0800258c   0x0000006c   Code   RO         3419    i.HAL_LTDC_SetWindowPosition  stm32f7xx_hal_ltdc.o
    0x080025f8   0x00000074   Code   RO         3421    i.HAL_LTDC_SetWindowSize  stm32f7xx_hal_ltdc.o
    0x0800266c   0x0000005c   Code   RO          801    i.HAL_MPU_ConfigRegion  stm32f7xx_hal_cortex.o
    0x080026c8   0x00000002   Code   RO          652    i.HAL_MspInit       stm32f7xx_hal.o
    0x080026ca   0x0000001a   Code   RO          804    i.HAL_NVIC_EnableIRQ  stm32f7xx_hal_cortex.o
    0x080026e4   0x0000007c   Code   RO          810    i.HAL_NVIC_SetPriority  stm32f7xx_hal_cortex.o
    0x08002760   0x00000028   Code   RO          811    i.HAL_NVIC_SetPriorityGrouping  stm32f7xx_hal_cortex.o
    0x08002788   0x00000090   Code   RO         1272    i.HAL_PWREx_EnableOverDrive  stm32f7xx_hal_pwr_ex.o
    0x08002818   0x00000980   Code   RO         1462    i.HAL_RCCEx_PeriphCLKConfig  stm32f7xx_hal_rcc_ex.o
    0x08003198   0x000001b4   Code   RO         1359    i.HAL_RCC_ClockConfig  stm32f7xx_hal_rcc.o
    0x0800334c   0x0000000c   Code   RO         1364    i.HAL_RCC_GetHCLKFreq  stm32f7xx_hal_rcc.o
    0x08003358   0x0000002c   Code   RO         1366    i.HAL_RCC_GetPCLK1Freq  stm32f7xx_hal_rcc.o
    0x08003384   0x0000002c   Code   RO         1367    i.HAL_RCC_GetPCLK2Freq  stm32f7xx_hal_rcc.o
    0x080033b0   0x000000b4   Code   RO         1368    i.HAL_RCC_GetSysClockFreq  stm32f7xx_hal_rcc.o
    0x08003464   0x000004d0   Code   RO         1463    i.HAL_RCC_OscConfig  stm32f7xx_hal_rcc_ex.o
    0x08003934   0x00000040   Code   RO         3234    i.HAL_SDRAM_Init    stm32f7xx_hal_sdram.o
    0x08003974   0x0000011c   Code   RO         5040    i.HAL_SDRAM_MspInit  sdram.o
    0x08003a90   0x00000028   Code   RO         3237    i.HAL_SDRAM_ProgramRefreshRate  stm32f7xx_hal_sdram.o
    0x08003ab8   0x0000003a   Code   RO         3243    i.HAL_SDRAM_SendCommand  stm32f7xx_hal_sdram.o
    0x08003af2   0x000000d8   Code   RO         4518    i.HAL_SPI_Init      stm32f7xx_hal_spi.o
    0x08003bca   0x00000002   PAD
    0x08003bcc   0x00000184   Code   RO         6179    i.HAL_SPI_MspInit   spi.o
    0x08003d50   0x0000027e   Code   RO         4521    i.HAL_SPI_Receive   stm32f7xx_hal_spi.o
    0x08003fce   0x00000366   Code   RO         4527    i.HAL_SPI_TransmitReceive  stm32f7xx_hal_spi.o
    0x08004334   0x00000058   Code   RO         3112    i.HAL_SRAM_Init     stm32f7xx_hal_sram.o
    0x0800438c   0x00000098   Code   RO         5098    i.HAL_SRAM_MspInit  lcd.o
    0x08004424   0x00000028   Code   RO          813    i.HAL_SYSTICK_CLKSourceConfig  stm32f7xx_hal_cortex.o
    0x0800444c   0x00000034   Code   RO          815    i.HAL_SYSTICK_Config  stm32f7xx_hal_cortex.o
    0x08004480   0x00000002   Code   RO         2679    i.HAL_TIMEx_BreakCallback  stm32f7xx_hal_tim_ex.o
    0x08004482   0x00000002   Code   RO         2680    i.HAL_TIMEx_CommutationCallback  stm32f7xx_hal_tim_ex.o
    0x08004484   0x0000002e   Code   RO         2036    i.HAL_TIM_Base_Init  stm32f7xx_hal_tim.o
    0x080044b2   0x00000002   PAD
    0x080044b4   0x00000038   Code   RO         5645    i.HAL_TIM_Base_MspInit  timer.o
    0x080044ec   0x0000001e   Code   RO         2041    i.HAL_TIM_Base_Start_IT  stm32f7xx_hal_tim.o
    0x0800450a   0x00000002   Code   RO         2065    i.HAL_TIM_IC_CaptureCallback  stm32f7xx_hal_tim.o
    0x0800450c   0x000001b8   Code   RO         2078    i.HAL_TIM_IRQHandler  stm32f7xx_hal_tim.o
    0x080046c4   0x00000002   Code   RO         2081    i.HAL_TIM_OC_DelayElapsedCallback  stm32f7xx_hal_tim.o
    0x080046c6   0x00000002   Code   RO         2108    i.HAL_TIM_PWM_PulseFinishedCallback  stm32f7xx_hal_tim.o
    0x080046c8   0x00000054   Code   RO         5646    i.HAL_TIM_PeriodElapsedCallback  timer.o
    0x0800471c   0x00000002   Code   RO         2119    i.HAL_TIM_TriggerCallback  stm32f7xx_hal_tim.o
    0x0800471e   0x00000002   Code   RO         1517    i.HAL_UART_ErrorCallback  stm32f7xx_hal_uart.o
    0x08004720   0x0000015c   Code   RO         1520    i.HAL_UART_IRQHandler  stm32f7xx_hal_uart.o
    0x0800487c   0x00000078   Code   RO         1521    i.HAL_UART_Init     stm32f7xx_hal_uart.o
    0x080048f4   0x000000e4   Code   RO         4912    i.HAL_UART_MspInit  usart.o
    0x080049d8   0x00000112   Code   RO         1524    i.HAL_UART_Receive  stm32f7xx_hal_uart.o
    0x08004aea   0x00000002   Code   RO         1527    i.HAL_UART_RxCpltCallback  stm32f7xx_hal_uart.o
    0x08004aec   0x00000002   Code   RO         1532    i.HAL_UART_TxCpltCallback  stm32f7xx_hal_uart.o
    0x08004aee   0x00000004   Code   RO          395    i.HardFault_Handler  stm32f7xx_it.o
    0x08004af2   0x00000028   Code   RO         4093    i.I2C_Flush_TXDR    stm32f7xx_hal_i2c.o
    0x08004b1a   0x00000002   PAD
    0x08004b1c   0x0000008c   Code   RO         4101    i.I2C_IsAcknowledgeFailed  stm32f7xx_hal_i2c.o
    0x08004ba8   0x0000008c   Code   RO         4104    i.I2C_RequestMemoryRead  stm32f7xx_hal_i2c.o
    0x08004c34   0x00000030   Code   RO         4108    i.I2C_TransferConfig  stm32f7xx_hal_i2c.o
    0x08004c64   0x00000056   Code   RO         4109    i.I2C_WaitOnFlagUntilTimeout  stm32f7xx_hal_i2c.o
    0x08004cba   0x00000056   Code   RO         4111    i.I2C_WaitOnSTOPFlagUntilTimeout  stm32f7xx_hal_i2c.o
    0x08004d10   0x0000005a   Code   RO         4112    i.I2C_WaitOnTXISFlagUntilTimeout  stm32f7xx_hal_i2c.o
    0x08004d6a   0x00000002   PAD
    0x08004d6c   0x00000044   Code   RO         5007    i.KEY_Init          key.o
    0x08004db0   0x00000048   Code   RO         5100    i.LCD_Clear         lcd.o
    0x08004df8   0x00000180   Code   RO         5104    i.LCD_Display_Dir   lcd.o
    0x08004f78   0x00000124   Code   RO         5109    i.LCD_Fast_DrawPoint  lcd.o
    0x0800509c   0x00000070   Code   RO         5110    i.LCD_Fill          lcd.o
    0x0800510c   0x00002468   Code   RO         5112    i.LCD_Init          lcd.o
    0x08007574   0x00000084   Code   RO         5113    i.LCD_MPU_Config    lcd.o
    0x080075f8   0x00000016   Code   RO         5114    i.LCD_Pow           lcd.o
    0x0800760e   0x00000002   PAD
    0x08007610   0x00000014   Code   RO         5115    i.LCD_RD_DATA       lcd.o
    0x08007624   0x00000050   Code   RO         5118    i.LCD_SSD_BackLightSet  lcd.o
    0x08007674   0x00000274   Code   RO         5119    i.LCD_Scan_Dir      lcd.o
    0x080078e8   0x00000138   Code   RO         5120    i.LCD_SetCursor     lcd.o
    0x08007a20   0x00000194   Code   RO         5121    i.LCD_Set_Window    lcd.o
    0x08007bb4   0x0000013c   Code   RO         5122    i.LCD_ShowChar      lcd.o
    0x08007cf0   0x00000066   Code   RO         5124    i.LCD_ShowString    lcd.o
    0x08007d56   0x000000be   Code   RO         5125    i.LCD_ShowxNum      lcd.o
    0x08007e14   0x00000018   Code   RO         5126    i.LCD_WR_DATA       lcd.o
    0x08007e2c   0x00000018   Code   RO         5127    i.LCD_WR_REG        lcd.o
    0x08007e44   0x00000014   Code   RO         5129    i.LCD_WriteRAM_Prepare  lcd.o
    0x08007e58   0x00000010   Code   RO         5130    i.LCD_WriteReg      lcd.o
    0x08007e68   0x0000009c   Code   RO         4977    i.LED_Init          led.o
    0x08007f04   0x00000046   Code   RO         7870    i.LEP_GetAttribute  lepton_sdk.o
    0x08007f4a   0x0000001a   Code   RO         7874    i.LEP_GetSDKVersion  lepton_sdk.o
    0x08007f64   0x00000028   Code   RO         7961    i.LEP_GetSysFfcShutterModeObj  lepton_sys.o
    0x08007f8c   0x00000134   Code   RO         6849    i.LEP_I2C_GetAttribute  lepton_i2c_protocol.o
    0x080080c0   0x00000014   Code   RO         6921    i.LEP_I2C_MasterOpen  lepton_i2c_service.o
    0x080080d4   0x00000036   Code   RO         6922    i.LEP_I2C_MasterReadData  lepton_i2c_service.o
    0x0800810a   0x00000036   Code   RO         6926    i.LEP_I2C_MasterWriteData  lepton_i2c_service.o
    0x08008140   0x00000058   Code   RO         6852    i.LEP_I2C_OpenPort  lepton_i2c_protocol.o
    0x08008198   0x00000110   Code   RO         6855    i.LEP_I2C_SetAttribute  lepton_i2c_protocol.o
    0x080082a8   0x00000044   Code   RO         7875    i.LEP_OpenPort      lepton_sdk.o
    0x080082ec   0x00000040   Code   RO         7878    i.LEP_SetAttribute  lepton_sdk.o
    0x0800832c   0x00000022   Code   RO         7977    i.LEP_SetSysFfcShutterModeObj  lepton_sys.o
    0x0800834e   0x00000002   PAD
    0x08008350   0x00000024   Code   RO         5341    i.LTDC_Clear        ltdc.o
    0x08008374   0x00000026   Code   RO         5342    i.LTDC_Clk_Set      ltdc.o
    0x0800839a   0x00000002   PAD
    0x0800839c   0x0000002c   Code   RO         5344    i.LTDC_Display_Dir  ltdc.o
    0x080083c8   0x00000050   Code   RO         5345    i.LTDC_Draw_Point   ltdc.o
    0x08008418   0x00000148   Code   RO         5346    i.LTDC_Fill         ltdc.o
    0x08008560   0x00000234   Code   RO         5347    i.LTDC_Init         ltdc.o
    0x08008794   0x0000007c   Code   RO         5348    i.LTDC_Layer_Parameter_Config  ltdc.o
    0x08008810   0x00000030   Code   RO         5350    i.LTDC_Layer_Window_Config  ltdc.o
    0x08008840   0x000000c8   Code   RO         5351    i.LTDC_PanelID_Read  ltdc.o
    0x08008908   0x0000000c   Code   RO         5353    i.LTDC_Select_Layer  ltdc.o
    0x08008914   0x00000212   Code   RO         3423    i.LTDC_SetConfig    stm32f7xx_hal_ltdc.o
    0x08008b26   0x00000002   PAD
    0x08008b28   0x00000070   Code   RO         6255    i.M8266HostIf_GPIO_CS_RESET_Init  m8266hostif.o
    0x08008b98   0x0000000c   Code   RO         6256    i.M8266HostIf_Init  m8266hostif.o
    0x08008ba4   0x00000008   Code   RO         6257    i.M8266HostIf_SPI_Init  m8266hostif.o
    0x08008bac   0x00000094   Code   RO         8309    i.M8266HostIf_SPI_ReadByte  M8266WIFIDrv_STM32_F7.lib(m8266wifidrv.o)
    0x08008c40   0x0000000c   Code   RO         8310    i.M8266HostIf_SPI_Select  M8266WIFIDrv_STM32_F7.lib(m8266wifidrv.o)
    0x08008c4c   0x0000001c   Code   RO         8311    i.M8266HostIf_SPI_WriteByte  M8266WIFIDrv_STM32_F7.lib(m8266wifidrv.o)
    0x08008c68   0x00000024   Code   RO         6259    i.M8266HostIf_Set_SPI_nCS_Pin  m8266hostif.o
    0x08008c8c   0x00000024   Code   RO         6260    i.M8266HostIf_Set_nRESET_Pin  m8266hostif.o
    0x08008cb0   0x0000000c   Code   RO         6261    i.M8266HostIf_delay_us  m8266hostif.o
    0x08008cbc   0x0000002a   Code   RO         6315    i.M8266WIFI_Config_Connection_via_SPI  m8266wifi_ops.o
    0x08008ce6   0x00000002   PAD
    0x08008ce8   0x00000040   Code   RO         6316    i.M8266WIFI_Module_Hardware_Reset  m8266wifi_ops.o
    0x08008d28   0x00000238   Code   RO         6317    i.M8266WIFI_Module_Init_Via_SPI  m8266wifi_ops.o
    0x08008f60   0x00000024   Code   RO         8313    i.M8266WIFI_SPI_Clr_Status_Bit  M8266WIFIDrv_STM32_F7.lib(m8266wifidrv.o)
    0x08008f84   0x000000ba   Code   RO         8317    i.M8266WIFI_SPI_Get_Opmode  M8266WIFIDrv_STM32_F7.lib(m8266wifidrv.o)
    0x0800903e   0x000000d8   Code   RO         8318    i.M8266WIFI_SPI_Get_STA_Connection_Status  M8266WIFIDrv_STM32_F7.lib(m8266wifidrv.o)
    0x08009116   0x000000ee   Code   RO         8319    i.M8266WIFI_SPI_Get_STA_IP_Addr  M8266WIFIDrv_STM32_F7.lib(m8266wifidrv.o)
    0x08009204   0x00000044   Code   RO         8321    i.M8266WIFI_SPI_Interface_Communication_OK  M8266WIFIDrv_STM32_F7.lib(m8266wifidrv.o)
    0x08009248   0x00000130   Code   RO         8322    i.M8266WIFI_SPI_Query_Connection  M8266WIFIDrv_STM32_F7.lib(m8266wifidrv.o)
    0x08009378   0x0000003c   Code   RO         8323    i.M8266WIFI_SPI_RcvData_Unit  M8266WIFIDrv_STM32_F7.lib(m8266wifidrv.o)
    0x080093b4   0x00000022   Code   RO         8324    i.M8266WIFI_SPI_Read_STA  M8266WIFIDrv_STM32_F7.lib(m8266wifidrv.o)
    0x080093d6   0x00000198   Code   RO         8328    i.M8266WIFI_SPI_STA_Connect_Ap  M8266WIFIDrv_STM32_F7.lib(m8266wifidrv.o)
    0x0800956e   0x0000003e   Code   RO         8330    i.M8266WIFI_SPI_SendData_Unit  M8266WIFIDrv_STM32_F7.lib(m8266wifidrv.o)
    0x080095ac   0x000000b6   Code   RO         8331    i.M8266WIFI_SPI_Send_Data  M8266WIFIDrv_STM32_F7.lib(m8266wifidrv.o)
    0x08009662   0x000000be   Code   RO         8332    i.M8266WIFI_SPI_Set_Opmode  M8266WIFIDrv_STM32_F7.lib(m8266wifidrv.o)
    0x08009720   0x00000024   Code   RO         8333    i.M8266WIFI_SPI_Set_Status_Bit  M8266WIFIDrv_STM32_F7.lib(m8266wifidrv.o)
    0x08009744   0x0000018c   Code   RO         8335    i.M8266WIFI_SPI_Setup_Connection  M8266WIFIDrv_STM32_F7.lib(m8266wifidrv.o)
    0x080098d0   0x0000001e   Code   RO         8336    i.M8266WIFI_SPI_Slave_Has_Response  M8266WIFIDrv_STM32_F7.lib(m8266wifidrv.o)
    0x080098ee   0x0000001e   Code   RO         8341    i.M8266WIFI_SPI_TxdBuffer_Free  M8266WIFIDrv_STM32_F7.lib(m8266wifidrv.o)
    0x0800990c   0x0000001e   Code   RO         8342    i.M8266WIFI_SPI_Txd_Unit_has_been_Fetched_away_By_Slave  M8266WIFIDrv_STM32_F7.lib(m8266wifidrv.o)
    0x0800992a   0x0000001e   Code   RO         8343    i.M8266WIFI_SPI_Write_STA  M8266WIFIDrv_STM32_F7.lib(m8266wifidrv.o)
    0x08009948   0x00000024   Code   RO         8344    i.M8266WIFI_SPI_Write_Status_Prior_Start_Send  M8266WIFIDrv_STM32_F7.lib(m8266wifidrv.o)
    0x0800996c   0x00000050   Code   RO         6318    i.M8266WIFI_SPI_wait_sta_connecting_to_ap_and_get_ip  m8266wifi_ops.o
    0x080099bc   0x00000052   Code   RO         8345    i.M8266WIFI_Wait_SPI_Slave_Cmd_Response  M8266WIFIDrv_STM32_F7.lib(m8266wifidrv.o)
    0x08009a0e   0x0000004c   Code   RO         8346    i.M8266WIFI_Wait_SPI_Slave_Connection_Buffer_Free  M8266WIFIDrv_STM32_F7.lib(m8266wifidrv.o)
    0x08009a5a   0x0000004c   Code   RO         8347    i.M8266WIFI_Wait_SPI_Slave_Fetch_Away_Data  M8266WIFIDrv_STM32_F7.lib(m8266wifidrv.o)
    0x08009aa6   0x00000002   PAD
    0x08009aa8   0x00000138   Code   RO         6359    i.M8266Wifi_Init    m8266app.o
    0x08009be0   0x00000034   Code   RO         5721    i.MPU_Memory_Protection  mpu.o
    0x08009c14   0x00000090   Code   RO         5722    i.MPU_Set_Protection  mpu.o
    0x08009ca4   0x000000b0   Code   RO         5465    i.MX_I2C4_Init      myiic.o
    0x08009d54   0x0000009c   Code   RO         5723    i.MemManage_Handler  mpu.o
    0x08009df0   0x00000002   Code   RO          396    i.NMI_Handler       stm32f7xx_it.o
    0x08009df2   0x00000002   PAD
    0x08009df4   0x00000010   Code   RO          817    i.NVIC_GetPriorityGrouping  stm32f7xx_hal_cortex.o
    0x08009e04   0x00000028   Code   RO          818    i.NVIC_SetPriority  stm32f7xx_hal_cortex.o
    0x08009e2c   0x0000005a   Code   RO         5846    i.OV5640_Brightness  ov5640.o
    0x08009e86   0x00000002   PAD
    0x08009e88   0x0000007c   Code   RO         5847    i.OV5640_Color_Saturation  ov5640.o
    0x08009f04   0x00000114   Code   RO            6    i.OV5640_Config     main.o
    0x0800a018   0x00000078   Code   RO         5848    i.OV5640_Contrast   ov5640.o
    0x0800a090   0x00000032   Code   RO         5849    i.OV5640_Flash_Ctrl  ov5640.o
    0x0800a0c2   0x0000007c   Code   RO         5850    i.OV5640_Focus_Constant  ov5640.o
    0x0800a13e   0x00000002   PAD
    0x0800a140   0x000000b8   Code   RO         5851    i.OV5640_Focus_Init  ov5640.o
    0x0800a1f8   0x0000003c   Code   RO         5852    i.OV5640_Focus_Single  ov5640.o
    0x0800a234   0x000000a0   Code   RO         5853    i.OV5640_ImageWin_Set  ov5640.o
    0x0800a2d4   0x00000154   Code   RO         5854    i.OV5640_Init       ov5640.o
    0x0800a428   0x00000048   Code   RO         5856    i.OV5640_Light_Mode  ov5640.o
    0x0800a470   0x00000080   Code   RO         5857    i.OV5640_OutSize_Set  ov5640.o
    0x0800a4f0   0x0000003c   Code   RO         5859    i.OV5640_RD_Reg     ov5640.o
    0x0800a52c   0x0000003c   Code   RO         5860    i.OV5640_RGB565_Mode  ov5640.o
    0x0800a568   0x0000007a   Code   RO         5861    i.OV5640_Sharpness  ov5640.o
    0x0800a5e2   0x00000002   PAD
    0x0800a5e4   0x00000068   Code   RO         5862    i.OV5640_Special_Effects  ov5640.o
    0x0800a64c   0x00000032   Code   RO         5863    i.OV5640_Test_Pattern  ov5640.o
    0x0800a67e   0x0000003c   Code   RO         5864    i.OV5640_WR_Reg     ov5640.o
    0x0800a6ba   0x00000002   Code   RO          397    i.PendSV_Handler    stm32f7xx_it.o
    0x0800a6bc   0x000000b0   Code   RO         4978    i.Power_Init        led.o
    0x0800a76c   0x0000009c   Code   RO         4861    i.SCB_EnableDCache  sys.o
    0x0800a808   0x0000000a   Code   RO         5537    i.SCCB_Delay        sccb.o
    0x0800a812   0x00000002   PAD
    0x0800a814   0x00000044   Code   RO         5538    i.SCCB_Init         sccb.o
    0x0800a858   0x00000044   Code   RO         5539    i.SCCB_No_Ack       sccb.o
    0x0800a89c   0x00000070   Code   RO         5540    i.SCCB_RD_Byte      sccb.o
    0x0800a90c   0x0000003c   Code   RO         5541    i.SCCB_Start        sccb.o
    0x0800a948   0x00000034   Code   RO         5542    i.SCCB_Stop         sccb.o
    0x0800a97c   0x000000ac   Code   RO         5543    i.SCCB_WR_Byte      sccb.o
    0x0800aa28   0x00000068   Code   RO         5041    i.SDRAM_Init        sdram.o
    0x0800aa90   0x00000054   Code   RO         5042    i.SDRAM_Initialization_Sequence  sdram.o
    0x0800aae4   0x00000048   Code   RO         5043    i.SDRAM_Send_Cmd    sdram.o
    0x0800ab2c   0x0000008c   Code   RO         6180    i.SPI2_Init         spi.o
    0x0800abb8   0x00000020   Code   RO         6182    i.SPI2_Readbuff     spi.o
    0x0800abd8   0x00000078   Code   RO         6184    i.SPI4_Init         spi.o
    0x0800ac50   0x0000007c   Code   RO         4553    i.SPI_EndRxTransaction  stm32f7xx_hal_spi.o
    0x0800accc   0x0000005c   Code   RO         4554    i.SPI_EndRxTxTransaction  stm32f7xx_hal_spi.o
    0x0800ad28   0x000000b4   Code   RO         4561    i.SPI_WaitFifoStateUntilTimeout  stm32f7xx_hal_spi.o
    0x0800addc   0x000000a2   Code   RO         4562    i.SPI_WaitFlagStateUntilTimeout  stm32f7xx_hal_spi.o
    0x0800ae7e   0x00000002   Code   RO          398    i.SVC_Handler       stm32f7xx_it.o
    0x0800ae80   0x000000b4   Code   RO         4862    i.Stm32_Clock_Init  sys.o
    0x0800af34   0x00000008   Code   RO          399    i.SysTick_Handler   stm32f7xx_it.o
    0x0800af3c   0x00000064   Code   RO          466    i.SystemInit        system_stm32f7xx.o
    0x0800afa0   0x00000010   Code   RO         5647    i.TIM3_IRQHandler   timer.o
    0x0800afb0   0x00000044   Code   RO         6389    i.TIM4_IRQHandler   usmart.o
    0x0800aff4   0x000000e4   Code   RO         2120    i.TIM_Base_SetConfig  stm32f7xx_hal_tim.o
    0x0800b0d8   0x0000005c   Code   RO         6390    i.Timer4_Init       usmart.o
    0x0800b134   0x000000ea   Code   RO         1534    i.UART_AdvFeatureConfig  stm32f7xx_hal_uart.o
    0x0800b21e   0x00000074   Code   RO         1535    i.UART_CheckIdleState  stm32f7xx_hal_uart.o
    0x0800b292   0x00000018   Code   RO         1536    i.UART_DMAAbortOnError  stm32f7xx_hal_uart.o
    0x0800b2aa   0x00000020   Code   RO         1542    i.UART_EndRxTransfer  stm32f7xx_hal_uart.o
    0x0800b2ca   0x00000020   Code   RO         1543    i.UART_EndTransmit_IT  stm32f7xx_hal_uart.o
    0x0800b2ea   0x00000088   Code   RO         1545    i.UART_Receive_IT   stm32f7xx_hal_uart.o
    0x0800b372   0x00000002   PAD
    0x0800b374   0x0000038c   Code   RO         1546    i.UART_SetConfig    stm32f7xx_hal_uart.o
    0x0800b700   0x0000006a   Code   RO         1547    i.UART_Transmit_IT  stm32f7xx_hal_uart.o
    0x0800b76a   0x0000006c   Code   RO         1548    i.UART_WaitOnFlagUntilTimeout  stm32f7xx_hal_uart.o
    0x0800b7d6   0x00000002   PAD
    0x0800b7d8   0x000000a0   Code   RO         4913    i.USART1_IRQHandler  usart.o
    0x0800b878   0x00000004   Code   RO          400    i.UsageFault_Handler  stm32f7xx_it.o
    0x0800b87c   0x0000000e   Code   RO         8601    i._is_digit         c_w.l(__printf_wp.o)
    0x0800b88a   0x00000004   Code   RO         4914    i._sys_exit         usart.o
    0x0800b88e   0x00000002   PAD
    0x0800b890   0x00000014   Code   RO         4819    i.delay_init        delay.o
    0x0800b8a4   0x00000018   Code   RO         4820    i.delay_ms          delay.o
    0x0800b8bc   0x00000048   Code   RO         4821    i.delay_us          delay.o
    0x0800b904   0x00000034   Code   RO         6065    i.enable_FFC        lepton_i2c.o
    0x0800b938   0x0000001c   Code   RO         4915    i.fputc             usart.o
    0x0800b954   0x0000002c   Code   RO         6070    i.init_lepton_command_interface  lepton_i2c.o
    0x0800b980   0x00000044   Code   RO         5991    i.lepton_init       lepton.o
    0x0800b9c4   0x00000018   Code   RO         5992    i.lepton_spi_rx_dma_cplt  lepton.o
    0x0800b9dc   0x0000011c   Code   RO            7    i.main              main.o
    0x0800baf8   0x00000024   Code   RO            8    i.mculcd_dcmi_rx_callback  main.o
    0x0800bb1c   0x0000001c   Code   RO         6076    i.print_sdk_version  lepton_i2c.o
    0x0800bb38   0x00000006   Code   RO         6391    i.read_addr         usmart.o
    0x0800bb3e   0x00000002   PAD
    0x0800bb40   0x0000005c   Code   RO         4917    i.uart_init         usart.o
    0x0800bb9c   0x000000b0   Code   RO         6392    i.usmart_cmd_rec    usmart.o
    0x0800bc4c   0x000002d4   Code   RO         6393    i.usmart_exe        usmart.o
    0x0800bf20   0x000000d4   Code   RO         6478    i.usmart_get_aparm  usmart_str.o
    0x0800bff4   0x00000036   Code   RO         6479    i.usmart_get_cmdname  usmart_str.o
    0x0800c02a   0x00000002   PAD
    0x0800c02c   0x000001c0   Code   RO         6480    i.usmart_get_fname  usmart_str.o
    0x0800c1ec   0x0000010c   Code   RO         6481    i.usmart_get_fparam  usmart_str.o
    0x0800c2f8   0x00000020   Code   RO         6482    i.usmart_get_parmpos  usmart_str.o
    0x0800c318   0x00000044   Code   RO         6394    i.usmart_get_runtime  usmart.o
    0x0800c35c   0x00000028   Code   RO         6395    i.usmart_init       usmart.o
    0x0800c384   0x00000016   Code   RO         6483    i.usmart_pow        usmart_str.o
    0x0800c39a   0x00000002   PAD
    0x0800c39c   0x00000034   Code   RO         6396    i.usmart_reset_runtime  usmart.o
    0x0800c3d0   0x000000bc   Code   RO         6397    i.usmart_scan       usmart.o
    0x0800c48c   0x00000016   Code   RO         6484    i.usmart_search_nextc  usmart_str.o
    0x0800c4a2   0x00000106   Code   RO         6485    i.usmart_str2num    usmart_str.o
    0x0800c5a8   0x00000022   Code   RO         6486    i.usmart_strcmp     usmart_str.o
    0x0800c5ca   0x00000016   Code   RO         6487    i.usmart_strcopy    usmart_str.o
    0x0800c5e0   0x00000018   Code   RO         6488    i.usmart_strlen     usmart_str.o
    0x0800c5f8   0x000006f4   Code   RO         6398    i.usmart_sys_cmd_exe  usmart.o
    0x0800ccec   0x00000004   Code   RO         6399    i.write_addr        usmart.o
    0x0800ccf0   0x0000000a   Code   RO         8729    x$fpl$fpinit        fz_wv.l(fpinit.o)
    0x0800ccfa   0x00000018   Data   RO          467    .constdata          system_stm32f7xx.o
    0x0800cd12   0x00000008   Data   RO          944    .constdata          stm32f7xx_hal_dma.o
    0x0800cd1a   0x00004740   Data   RO         5134    .constdata          lcd.o
    0x0801145a   0x000014e3   Data   RO         5865    .constdata          ov5640.o
    0x0801293d   0x00000001   PAD
    0x0801293e   0x00000200   Data   RO         6587    .constdata          crc16fast.o
    0x08012b3e   0x00000028   Data   RO         8574    .constdata          c_w.l(_printf_hex_int.o)
    0x08012b66   0x00000011   Data   RO         8609    .constdata          c_w.l(__printf_flags_ss_wp.o)
    0x08012b77   0x00000001   PAD
    0x08012b78   0x00000013   Data   RO           13    .conststring        main.o
    0x08012b8b   0x00000001   PAD
    0x08012b8c   0x00000028   Data   RO         6401    .conststring        usmart.o
    0x08012bb4   0x000002d6   Data   RO         6562    .conststring        usmart_config.o
    0x08012e8a   0x00000002   PAD
    0x08012e8c   0x00000020   Data   RO         8793    Region$$Table       anon$$obj.o


    Execution Region RW_IRAM1 (Base: 0x20020000, Size: 0x00029118, Max: 0x00060000, ABSOLUTE, COMPRESSED[0x000000c4])

    Base Addr    Size         Type   Attr      Idx    E Section Name        Object

    0x20020000   0x0000001d   Data   RW           14    .data               main.o
    0x2002001d   0x00000003   PAD
    0x20020020   0x00000004   Data   RW          468    .data               system_stm32f7xx.o
    0x20020024   0x00000004   Data   RW          655    .data               stm32f7xx_hal.o
    0x20020028   0x00000004   Data   RW         4822    .data               delay.o
    0x2002002c   0x00000007   Data   RW         4919    .data               usart.o
    0x20020033   0x00000001   PAD
    0x20020034   0x00000008   Data   RW         5135    .data               lcd.o
    0x2002003c   0x00000008   Data   RW         5357    .data               ltdc.o
    0x20020044   0x00000008   Data   RW         5772    .data               dcmi.o
    0x2002004c   0x00000003   Data   RW         5998    .data               lepton.o
    0x2002004f   0x00000001   PAD
    0x20020050   0x00000008   Data   RW         6077    .data               lepton_i2c.o
    0x20020058   0x0000001c   Data   RW         6402    .data               usmart.o
    0x20020074   0x0000018c   Data   RW         6563    .data               usmart_config.o
    0x20020200   0x00000004   Data   RW         8348    .data               M8266WIFIDrv_STM32_F7.lib(m8266wifidrv.o)
    0x20020204   0x00027e70   Zero   RW           12    .bss                main.o
    0x20048074   0x00000198   Zero   RW         4918    .bss                usart.o
    0x2004820c   0x00000034   Zero   RW         5044    .bss                sdram.o
    0x20048240   0x0000005a   Zero   RW         5133    .bss                lcd.o
    0x2004829a   0x00000002   PAD
    0x2004829c   0x00000120   Zero   RW         5356    .bss                ltdc.o
    0x200483bc   0x0000004c   Zero   RW         5466    .bss                myiic.o
    0x20048408   0x0000003c   Zero   RW         5649    .bss                timer.o
    0x20048444   0x000000b0   Zero   RW         5771    .bss                dcmi.o
    0x200484f4   0x00000188   Zero   RW         6187    .bss                spi.o
    0x2004867c   0x0000003c   Zero   RW         6400    .bss                usmart.o
    0x200486b8   0x00000400   Zero   RW         8243    .bss                stm32_i2c.o
    0x20048ab8   0x00000060   Zero   RW         8671    .bss                c_w.l(libspace.o)
    0x20048b18   0x00000200   Zero   RW          621    HEAP                startup_stm32f767xx.o
    0x20048d18   0x00000400   Zero   RW          620    STACK               startup_stm32f767xx.o



  Load Region LR$$.ARM.__AT_0xC0000000 (Base: 0xc0000000, Size: 0x00000000, Max: 0x001f4000, ABSOLUTE)

    Execution Region ER$$.ARM.__AT_0xC0000000 (Base: 0xc0000000, Size: 0x001f4000, Max: 0x001f4000, ABSOLUTE, UNINIT)

    Base Addr    Size         Type   Attr      Idx    E Section Name        Object

    0xc0000000   0x001f4000   Zero   RW         5355    .ARM.__AT_0xC0000000  ltdc.o



  Load Region LR$$.ARM.__AT_0xC01F4000 (Base: 0xc01f4000, Size: 0x00000000, Max: 0x0012c000, ABSOLUTE)

    Execution Region ER$$.ARM.__AT_0xC01F4000 (Base: 0xc01f4000, Size: 0x0012c000, Max: 0x0012c000, ABSOLUTE, UNINIT)

    Base Addr    Size         Type   Attr      Idx    E Section Name        Object

    0xc01f4000   0x0012c000   Zero   RW            9    .ARM.__AT_0xC01F4000  main.o



  Load Region LR$$.ARM.__AT_0xC1000000 (Base: 0xc1000000, Size: 0x00000000, Max: 0x00025800, ABSOLUTE)

    Execution Region ER$$.ARM.__AT_0xC1000000 (Base: 0xc1000000, Size: 0x00025800, Max: 0x00025800, ABSOLUTE, UNINIT)

    Base Addr    Size         Type   Attr      Idx    E Section Name        Object

    0xc1000000   0x00025800   Zero   RW         5995    .ARM.__AT_0xC1000000  lepton.o



  Load Region LR$$.ARM.__AT_0xC1025800 (Base: 0xc1025800, Size: 0x00000000, Max: 0x00025800, ABSOLUTE)

    Execution Region ER$$.ARM.__AT_0xC1025800 (Base: 0xc1025800, Size: 0x00025800, Max: 0x00025800, ABSOLUTE, UNINIT)

    Base Addr    Size         Type   Attr      Idx    E Section Name        Object

    0xc1025800   0x00025800   Zero   RW           10    .ARM.__AT_0xC1025800  main.o



  Load Region LR$$.ARM.__AT_0xC104B000 (Base: 0xc104b000, Size: 0x00000000, Max: 0x005cc600, ABSOLUTE)

    Execution Region ER$$.ARM.__AT_0xC104B000 (Base: 0xc104b000, Size: 0x005cc600, Max: 0x005cc600, ABSOLUTE, UNINIT)

    Base Addr    Size         Type   Attr      Idx    E Section Name        Object

    0xc104b000   0x005cc600   Zero   RW           11    .ARM.__AT_0xC104B000  main.o


==============================================================================

Image component sizes


      Code (inc. data)   RO Data    RW Data    ZI Data      Debug   Object Name

        72          6        512          0          0       2269   crc16fast.o
      1200        130          0          8        176       7067   dcmi.o
       116          8          0          4          0       1935   delay.o
        68          8          0          0          0        875   key.o
     12622        220      18240          8         90      28817   lcd.o
       332         26          0          0          0       1740   led.o
       112         24          0          3     153600       6127   lepton.o
       124         16          0          8          0       8539   lepton_i2c.o
       668          0          0          0          0       3621   lepton_i2c_protocol.o
       128          0          0          0          0       2564   lepton_i2c_service.o
       228          0          0          0          0       4193   lepton_sdk.o
        74          0          0          0          0       1556   lepton_sys.o
      1794        124          0          8    2048288       9830   ltdc.o
       312        232          0          0          0        569   m8266app.o
       216         20          0          0          0       3865   m8266hostif.o
       754        276          0          0          0       3920   m8266wifi_ops.o
      1020        186         19         29    7625840     491424   main.o
       352         62          0          0          0      33652   mpu.o
       180         22          0          0         76       1679   myiic.o
      1908         60       5347          0          0      13148   ov5640.o
       542         32          0          0          0       4202   sccb.o
       544         44          0          0         52       3522   sdram.o
       696         86          0          0        392       3847   spi.o
        64         26        504          0       1536        832   startup_stm32f767xx.o
       294         18          0          0       1024       3835   stm32_i2c.o
       136         20          0          4          0       4281   stm32f7xx_hal.o
       430         26          0          0          0      37408   stm32f7xx_hal_cortex.o
       440          8          0          0          0       5757   stm32f7xx_hal_dcmi.o
      1338         20          8          0          0       6904   stm32f7xx_hal_dma.o
       156          0          0          0          0       2065   stm32f7xx_hal_dma_ex.o
       572         52          0          0          0       3716   stm32f7xx_hal_gpio.o
      1636         24          0          0          0      11142   stm32f7xx_hal_i2c.o
       106          0          0          0          0       1123   stm32f7xx_hal_i2c_ex.o
      1144          6          0          0          0       4673   stm32f7xx_hal_ltdc.o
       144          8          0          0          0       1272   stm32f7xx_hal_pwr_ex.o
       716         50          0          0          0       4024   stm32f7xx_hal_rcc.o
      3664         32          0          0          0       3704   stm32f7xx_hal_rcc_ex.o
       162          0          0          0          0       2728   stm32f7xx_hal_sdram.o
      2282          0          0          0          0       7495   stm32f7xx_hal_spi.o
        88          0          0          0          0       1200   stm32f7xx_hal_sram.o
       752         44          0          0          0       5723   stm32f7xx_hal_tim.o
         4          0          0          0          0       1642   stm32f7xx_hal_tim_ex.o
      2444         54          0          0          0      11619   stm32f7xx_hal_uart.o
        28          0          0          0          0       3570   stm32f7xx_it.o
       662         14          0          0          0       5868   stm32f7xx_ll_fmc.o
       456         26          0          0          0      33973   sys.o
       100         18         24          4          0       1083   system_stm32f7xx.o
       156         58          0          0         60       2313   timer.o
       512         54          0          7        408       4954   usart.o
      3198       1354         40         28         60       7843   usmart.o
         0          0        726        396          0       1576   usmart_config.o
      1400         20          0          0          0       8953   usmart_str.o

    ----------------------------------------------------------------------
     47198       3514      25456        512    9831604     830237   Object Totals
         0          0         32          0          0          0   (incl. Generated)
        52          0          4          5          2          0   (incl. Padding)

    ----------------------------------------------------------------------

      Code (inc. data)   RO Data    RW Data    ZI Data      Debug   Library Member Name

      2994         16          0          4          0      25231   m8266wifidrv.o
        90          0          0          0          0          0   __dczerorl2.o
         8          0          0          0          0         68   __main.o
       392          4         17          0          0         92   __printf_flags_ss_wp.o
        14          0          0          0          0         68   __printf_wp.o
         0          0          0          0          0          0   __rtentry.o
        12          0          0          0          0          0   __rtentry2.o
         6          0          0          0          0          0   __rtentry4.o
        52          8          0          0          0          0   __scatter.o
        28          0          0          0          0          0   __scatter_zi.o
         6          0          0          0          0          0   _printf_c.o
        44          0          0          0          0        108   _printf_char.o
        48          6          0          0          0         96   _printf_char_common.o
        36          4          0          0          0         80   _printf_char_file.o
         6          0          0          0          0          0   _printf_d.o
       120         16          0          0          0         92   _printf_dec.o
        88          4         40          0          0         88   _printf_hex_int.o
       178          0          0          0          0         88   _printf_intcommon.o
        78          0          0          0          0        108   _printf_pad.o
         0          0          0          0          0          0   _printf_percent.o
         4          0          0          0          0          0   _printf_percent_end.o
         6          0          0          0          0          0   _printf_s.o
        82          0          0          0          0         80   _printf_str.o
         6          0          0          0          0          0   _printf_u.o
         6          0          0          0          0          0   _printf_x.o
        18          0          0          0          0         80   exit.o
         8          0          0          0          0         68   ferror.o
         6          0          0          0          0        152   heapauxi.o
         2          0          0          0          0          0   libinit.o
         6          0          0          0          0          0   libinit2.o
         2          0          0          0          0          0   libshutdown.o
         2          0          0          0          0          0   libshutdown2.o
         8          4          0          0         96         68   libspace.o
        24          4          0          0          0         84   noretval__2printf.o
        78          0          0          0          0         80   rt_memclr_w.o
       100          0          0          0          0         80   rt_memcpy_w.o
         2          0          0          0          0          0   rtexit.o
        10          0          0          0          0          0   rtexit2.o
       104          0          0          0          0         68   strcmpv7m_pel.o
        74          0          0          0          0         80   sys_stackheap_outer.o
         2          0          0          0          0         68   use_no_semi.o
         2          0          0          0          0         68   use_no_semi_2.o
        10          0          0          0          0        116   fpinit.o

    ----------------------------------------------------------------------
      4772         66         58          4         96      27211   Library Totals
        10          0          1          0          0          0   (incl. Padding)

    ----------------------------------------------------------------------

      Code (inc. data)   RO Data    RW Data    ZI Data      Debug   Library Name

      2994         16          0          4          0      25231   M8266WIFIDrv_STM32_F7.lib
      1758         50         57          0         96       1864   c_w.l
        10          0          0          0          0        116   fz_wv.l

    ----------------------------------------------------------------------
      4772         66         58          4         96      27211   Library Totals

    ----------------------------------------------------------------------

==============================================================================


      Code (inc. data)   RO Data    RW Data    ZI Data      Debug   

     51970       3580      25514        516    9831700     827912   Grand Totals
     51970       3580      25514        196    9831700     827912   ELF Image Totals (compressed)
     51970       3580      25514        196          0          0   ROM Totals

==============================================================================

    Total RO  Size (Code + RO Data)                77484 (  75.67kB)
    Total RW  Size (RW Data + ZI Data)           9832216 (9601.77kB)
    Total ROM Size (Code + RO Data + RW Data)      77680 (  75.86kB)

==============================================================================

